<html>
<body>
<pre>
<h1>µVision Build Log</h1>
<h2>Tool Versions:</h2>
IDE-Version: µVision V5.38.0.0
Copyright (C) 2022 ARM Ltd and ARM Germany GmbH. All rights reserved.
License Information: Md Mahadi Hasan, University Of Dhaka, LIC=----
 
Tool Versions:
Toolchain:       MDK-Lite  Version: 5.38.0.0
Toolchain Path:  C:\Keil_v5\ARM\ARMCLANG\Bin
C Compiler:      ArmClang.exe V6.19
Assembler:       Armasm.exe V6.19
Linker/Locator:  ArmLink.exe V6.19
Library Manager: ArmAr.exe V6.19
Hex Converter:   FromElf.exe V6.19
CPU DLL:         SARMCM3.DLL V5.38.0.0
Dialog DLL:      DCM.DLL V1.17.5.0
Target DLL:      STLink\ST-LINKIII-KEIL_SWO.dll V3.1.0.0
Dialog DLL:      TCM.DLL V1.56.4.0
 
<h2>Project:</h2>
C:\Users\ratingminus\TrafficControl_STM32\test1.uvprojx
Project File Date:  02/08/2023

<h2>Output:</h2>
*** Using Compiler 'V6.19', folder: 'C:\Keil_v5\ARM\ARMCLANG\Bin'
Build target 'Target 1'
main.c(1): warning: In file included from...
./CLOCK.h(39): warning: // comments are not allowed in this language [-Wcomment]
#define PLL_P 0 //0 to the sixteenth position (PLL=2)
                ^
main.c(4): warning: In file included from...
./USART.h(49): warning: // comments are not allowed in this language [-Wcomment]
// USART 2 Configuration
^
main.c(45): warning: variable declaration in for loop is a C99-specific feature [-Wc99-extensions]
                for(int i = 0; i < 4; ++i) {
                    ^
main.c(45): warning: GCC does not allow variable declarations in for loop initializers before C99 [-Wgcc-compat]
main.c(46): warning: implicit declaration of function 'rand' [-Wimplicit-function-declaration]
                        traffic[i] = (uint16_t) rand() % 4;
                                                ^
main.c(57): warning: mixing declarations and code is a C99 extension [-Wdeclaration-after-statement]
                        GPIO_PinState l = GPIO_ReadPin(GPIOC, 6);
                                      ^
main.c(69): warning: mixing declarations and code is a C99 extension [-Wdeclaration-after-statement]
                        GPIO_PinState l = GPIO_ReadPin(GPIOC, 10);
                                      ^
main.c(49): warning: mixing declarations and code is a C99 extension [-Wdeclaration-after-statement]
                int extraTime = 0;
                    ^
main.c(31): warning: mixing declarations and code is a C99 extension [-Wdeclaration-after-statement]
        int outPins[] = {0,1,4,5,6,7,8,9,10};
            ^
main.c(89): warning: 'return' will never be executed [-Wunreachable-code-return]
        return 0;
               ^
main.c(94): warning: variable declaration in for loop is a C99-specific feature [-Wc99-extensions]
        for(int i = 0; i < n; ++i) {
            ^
main.c(94): warning: GCC does not allow variable declarations in for loop initializers before C99 [-Wgcc-compat]
main.c(101): warning: variable declaration in for loop is a C99-specific feature [-Wc99-extensions]
        for(uint16_t i = 0; i <= 10; ++i) {
            ^
main.c(101): warning: GCC does not allow variable declarations in for loop initializers before C99 [-Wgcc-compat]
main.c(120): warning: variable declaration in for loop is a C99-specific feature [-Wc99-extensions]
                for(uint16_t i= 0; i < l; ++i) {
                    ^
main.c(120): warning: GCC does not allow variable declarations in for loop initializers before C99 [-Wgcc-compat]
main.c(123): warning: variable declaration in for loop is a C99-specific feature [-Wc99-extensions]
    for(uint16_t j = 0; j < r; ++j){
        ^
main.c(123): warning: GCC does not allow variable declarations in for loop initializers before C99 [-Wgcc-compat]
main.c(130): warning: variable declaration in for loop is a C99-specific feature [-Wc99-extensions]
                        for(uint16_t i = 4; i <= 9; ++i){
                            ^
main.c(130): warning: GCC does not allow variable declarations in for loop initializers before C99 [-Wgcc-compat]
main.c(144): warning: no newline at end of file [-Wnewline-eof]
}
 ^
21 warnings generated.
compiling main.c...
linking...
Program Size: Code=2392 RO-data=504 RW-data=0 ZI-data=1864  
".\Objects\test1.axf" - 0 Error(s), 21 Warning(s).

<h2>Software Packages used:</h2>

Package Vendor: ARM
                http://www.keil.com/pack/ARM.CMSIS.5.9.0.pack
                ARM.CMSIS.5.9.0
                CMSIS (Common Microcontroller Software Interface Standard)
   * Component: CORE Version: 5.6.0

Package Vendor: Keil
                https://www.keil.com/pack/Keil.STM32F4xx_DFP.2.17.0.pack
                Keil.STM32F4xx_DFP.2.17.0
                STMicroelectronics STM32F4 Series Device Support, Drivers and Examples
   * Component: Startup Version: 2.6.3

<h2>Collection of Component include folders:</h2>
  ./RTE/_Target_1
  C:/Users/ratingminus/AppData/Local/Arm/Packs/ARM/CMSIS/5.9.0/CMSIS/Core/Include
  C:/Users/ratingminus/AppData/Local/Arm/Packs/Keil/STM32F4xx_DFP/2.17.0/Drivers/CMSIS/Device/ST/STM32F4xx/Include

<h2>Collection of Component Files used:</h2>

   * Component: ARM::CMSIS:CORE:5.6.0

   * Component: Keil::Device:Startup:2.6.3
      Source file:   Drivers/CMSIS/Device/ST/STM32F4xx/Source/Templates/arm/startup_stm32f446xx.s
      Source file:   MDK/Device/Source/ARM/STM32F446xx_OPT.s
      Source file:   MDK/Device/Source/ARM/STM32F4xx_OTP.s
      Include file:  Drivers/CMSIS/Device/ST/STM32F4xx/Include/stm32f4xx.h
      Source file:   Drivers/CMSIS/Device/ST/STM32F4xx/Source/Templates/system_stm32f4xx.c
Build Time Elapsed:  00:00:00
</pre>
</body>
</html>
