<html>
<body>
<pre>
<h1>µVision Build Log</h1>
<h2>Tool Versions:</h2>
IDE-Version: µVision V5.38.0.0
Copyright (C) 2022 ARM Ltd and ARM Germany GmbH. All rights reserved.
License Information: Md Mahadi Hasan, University Of Dhaka, LIC=----
 
Tool Versions:
Toolchain:       MDK-Lite  Version: 5.38.0.0
Toolchain Path:  C:\Keil_v5\ARM\ARMCLANG\Bin
C Compiler:      ArmClang.exe V6.19
Assembler:       Armasm.exe V6.19
Linker/Locator:  ArmLink.exe V6.19
Library Manager: ArmAr.exe V6.19
Hex Converter:   FromElf.exe V6.19
CPU DLL:         SARMCM3.DLL V5.38.0.0
Dialog DLL:      DCM.DLL V1.17.5.0
Target DLL:      STLink\ST-LINKIII-KEIL_SWO.dll V3.1.0.0
Dialog DLL:      TCM.DLL V1.56.4.0
 
<h2>Project:</h2>
C:\Users\ratingminus\TrafficLab\test1.uvprojx
Project File Date:  02/08/2023

<h2>Output:</h2>
*** Using Compiler 'V6.19', folder: 'C:\Keil_v5\ARM\ARMCLANG\Bin'
Build target 'Target 1'
main.c(1): warning: In file included from...
./CLOCK.h(39): warning: // comments are not allowed in this language [-Wcomment]
#define PLL_P 0 //0 to the sixteenth position (PLL=2)
                ^
main.c(4): warning: In file included from...
./USART.h(49): warning: // comments are not allowed in this language [-Wcomment]
// USART 2 Configuration
^
main.c(28): warning: binary integer literals are a GNU extension [-Wgnu-binary-literal]
        uint16_t myPins = 0b00000111111110011;
                          ^
main.c(33): warning: variable declaration in for loop is a C99-specific feature [-Wc99-extensions]
                for(int i = 0; i <= 10; ++i) {
                    ^
main.c(33): warning: GCC does not allow variable declarations in for loop initializers before C99 [-Wgcc-compat]
main.c(35): warning: implicit conversion loses integer precision: 'int' to 'uint16_t' (aka 'unsigned short') [-Wimplicit-int-conversion]
                GPIO_WritePin(GPIOA, i, GPIO_PIN_SET);
                ~~~~~~~~~~~~~        ^
main.c(37): warning: implicit conversion loses integer precision: 'int' to 'uint16_t' (aka 'unsigned short') [-Wimplicit-int-conversion]
                GPIO_WritePin(GPIOA, i, GPIO_PIN_RESET);
                ~~~~~~~~~~~~~        ^
main.c(28): warning: mixing declarations and code is a C99 extension [-Wdeclaration-after-statement]
        uint16_t myPins = 0b00000111111110011;
                 ^
main.c(42): warning: 'return' will never be executed [-Wunreachable-code-return]
        return 0;
               ^
main.c(59): warning: variable declaration in for loop is a C99-specific feature [-Wc99-extensions]
    for(uint16_t i=4; i<=9; i++){
        ^
main.c(59): warning: GCC does not allow variable declarations in for loop initializers before C99 [-Wgcc-compat]
main.c(72): warning: no newline at end of file [-Wnewline-eof]
}
 ^
12 warnings generated.
compiling main.c...
linking...
Program Size: Code=1356 RO-data=468 RW-data=0 ZI-data=1640  
".\Objects\test1.axf" - 0 Error(s), 12 Warning(s).

<h2>Software Packages used:</h2>

Package Vendor: ARM
                http://www.keil.com/pack/ARM.CMSIS.5.9.0.pack
                ARM.CMSIS.5.9.0
                CMSIS (Common Microcontroller Software Interface Standard)
   * Component: CORE Version: 5.6.0

Package Vendor: Keil
                https://www.keil.com/pack/Keil.STM32F4xx_DFP.2.17.0.pack
                Keil.STM32F4xx_DFP.2.17.0
                STMicroelectronics STM32F4 Series Device Support, Drivers and Examples
   * Component: Startup Version: 2.6.3

<h2>Collection of Component include folders:</h2>
  ./RTE/_Target_1
  C:/Users/ratingminus/AppData/Local/Arm/Packs/ARM/CMSIS/5.9.0/CMSIS/Core/Include
  C:/Users/ratingminus/AppData/Local/Arm/Packs/Keil/STM32F4xx_DFP/2.17.0/Drivers/CMSIS/Device/ST/STM32F4xx/Include

<h2>Collection of Component Files used:</h2>

   * Component: ARM::CMSIS:CORE:5.6.0

   * Component: Keil::Device:Startup:2.6.3
      Source file:   Drivers/CMSIS/Device/ST/STM32F4xx/Source/Templates/system_stm32f4xx.c
      Source file:   MDK/Device/Source/ARM/STM32F4xx_OTP.s
      Include file:  Drivers/CMSIS/Device/ST/STM32F4xx/Include/stm32f4xx.h
      Source file:   MDK/Device/Source/ARM/STM32F446xx_OPT.s
      Source file:   Drivers/CMSIS/Device/ST/STM32F4xx/Source/Templates/arm/startup_stm32f446xx.s
Build Time Elapsed:  00:00:00
</pre>
</body>
</html>
