Component: Arm Compiler for Embedded 6.19 Tool: armlink [5e73cb00]

==============================================================================

Section Cross References

    clock.o(.ARM.exidx.text.initClock) refers to clock.o(.text.initClock) for [Anonymous Symbol]
    gpio.o(.ARM.exidx.text.GPIO_ReadPin) refers to gpio.o(.text.GPIO_ReadPin) for [Anonymous Symbol]
    gpio.o(.ARM.exidx.text.GPIO_WritePin) refers to gpio.o(.text.GPIO_WritePin) for [Anonymous Symbol]
    gpio.o(.ARM.exidx.text.GPIO_Init) refers to gpio.o(.text.GPIO_Init) for [Anonymous Symbol]
    sys_init.o(.text.SysTick_Handler) refers to sys_init.o(.bss.msTicks) for msTicks
    sys_init.o(.ARM.exidx.text.SysTick_Handler) refers to sys_init.o(.text.SysTick_Handler) for [Anonymous Symbol]
    sys_init.o(.text.sysInit) refers to sys_init.o(.text.SysTick_Config) for SysTick_Config
    sys_init.o(.ARM.exidx.text.sysInit) refers to sys_init.o(.text.sysInit) for [Anonymous Symbol]
    sys_init.o(.text.SysTick_Config) refers to sys_init.o(.text.__NVIC_SetPriority) for __NVIC_SetPriority
    sys_init.o(.ARM.exidx.text.SysTick_Config) refers to sys_init.o(.text.SysTick_Config) for [Anonymous Symbol]
    sys_init.o(.text.getmsTick) refers to sys_init.o(.bss.msTicks) for msTicks
    sys_init.o(.ARM.exidx.text.getmsTick) refers to sys_init.o(.text.getmsTick) for [Anonymous Symbol]
    sys_init.o(.text.ms_delay) refers to sys_init.o(.bss.msTicks) for msTicks
    sys_init.o(.ARM.exidx.text.ms_delay) refers to sys_init.o(.text.ms_delay) for [Anonymous Symbol]
    sys_init.o(.ARM.exidx.text.__NVIC_SetPriority) refers to sys_init.o(.text.__NVIC_SetPriority) for [Anonymous Symbol]
    usart.o(.ARM.exidx.text.USART2_SendString) refers to usart.o(.text.USART2_SendString) for [Anonymous Symbol]
    usart.o(.ARM.exidx.text.USART2_GetChar) refers to usart.o(.text.USART2_GetChar) for [Anonymous Symbol]
    usart.o(.ARM.exidx.text.UART2_Config) refers to usart.o(.text.UART2_Config) for [Anonymous Symbol]
    usart.o(.ARM.exidx.text.initUART4) refers to usart.o(.text.initUART4) for [Anonymous Symbol]
    usart.o(.ARM.exidx.text.initUART5) refers to usart.o(.text.initUART5) for [Anonymous Symbol]
    traffic.o(.text.main) refers to clock.o(.text.initClock) for initClock
    traffic.o(.text.main) refers to sys_init.o(.text.sysInit) for sysInit
    traffic.o(.text.main) refers to usart.o(.text.UART2_Config) for UART2_Config
    traffic.o(.text.main) refers to usart.o(.text.initUART4) for initUART4
    traffic.o(.text.main) refers to usart.o(.text.initUART5) for initUART5
    traffic.o(.text.main) refers to traffic.o(.text.__NVIC_SetPriority) for __NVIC_SetPriority
    traffic.o(.text.main) refers to traffic.o(.text.__NVIC_EnableIRQ) for __NVIC_EnableIRQ
    traffic.o(.text.main) refers to traffic.o(.bss.i) for i
    traffic.o(.text.main) refers to traffic.o(.rodata.str1.1) for .L.str
    traffic.o(.text.main) refers to sprintf.o(.text) for sprintf
    traffic.o(.text.main) refers to strcat.o(.text) for strcat
    traffic.o(.text.main) refers to sys_init.o(.text.ms_delay) for ms_delay
    traffic.o(.text.main) refers to traffic.o(.bss.tx_buffer) for tx_buffer
    traffic.o(.text.main) refers to usart.o(.text.USART2_SendString) for USART2_SendString
    traffic.o(.ARM.exidx.text.main) refers to traffic.o(.text.main) for [Anonymous Symbol]
    traffic.o(.ARM.exidx.text.__NVIC_SetPriority) refers to traffic.o(.text.__NVIC_SetPriority) for [Anonymous Symbol]
    traffic.o(.ARM.exidx.text.__NVIC_EnableIRQ) refers to traffic.o(.text.__NVIC_EnableIRQ) for [Anonymous Symbol]
    traffic.o(.text.USART2_IRQHandler) refers to traffic.o(.bss.i) for i
    traffic.o(.text.USART2_IRQHandler) refers to traffic.o(.bss.tx_buffer) for tx_buffer
    traffic.o(.ARM.exidx.text.USART2_IRQHandler) refers to traffic.o(.text.USART2_IRQHandler) for [Anonymous Symbol]
    traffic.o(.text.UART4_IRQHandler) refers to traffic.o(.bss.rx) for rx
    traffic.o(.text.UART4_IRQHandler) refers to traffic.o(.bss.rx_buffer) for rx_buffer
    traffic.o(.text.UART4_IRQHandler) refers to traffic.o(.bss.tx) for tx
    traffic.o(.text.UART4_IRQHandler) refers to traffic.o(.bss.tx_buffer) for tx_buffer
    traffic.o(.ARM.exidx.text.UART4_IRQHandler) refers to traffic.o(.text.UART4_IRQHandler) for [Anonymous Symbol]
    traffic.o(.text.UART5_IRQHandler) refers to traffic.o(.bss.rx) for rx
    traffic.o(.text.UART5_IRQHandler) refers to traffic.o(.bss.rx_buffer) for rx_buffer
    traffic.o(.text.UART5_IRQHandler) refers to traffic.o(.bss.tx) for tx
    traffic.o(.text.UART5_IRQHandler) refers to traffic.o(.bss.tx_buffer) for tx_buffer
    traffic.o(.ARM.exidx.text.UART5_IRQHandler) refers to traffic.o(.text.UART5_IRQHandler) for [Anonymous Symbol]
    traffic.o(.text.initTransmit) refers to sys_init.o(.text.ms_delay) for ms_delay
    traffic.o(.ARM.exidx.text.initTransmit) refers to traffic.o(.text.initTransmit) for [Anonymous Symbol]
[...]
    ../clib/angel/kernel.s                   0x00000000   Number         0  rtexit2.o ABSOLUTE
    ../clib/angel/rt.s                       0x00000000   Number         0  rt_ctype_table.o ABSOLUTE
    ../clib/angel/rt.s                       0x00000000   Number         0  rt_locale.o ABSOLUTE
    ../clib/angel/rt.s                       0x00000000   Number         0  rt_locale_intlibspace.o ABSOLUTE
    ../clib/angel/rt.s                       0x00000000   Number         0  rt_raise.o ABSOLUTE
    ../clib/angel/scatter.s                  0x00000000   Number         0  __scatter.o ABSOLUTE
    ../clib/angel/startup.s                  0x00000000   Number         0  __main.o ABSOLUTE
    ../clib/angel/sys.s                      0x00000000   Number         0  sys_stackheap_outer.o ABSOLUTE
    ../clib/angel/sys.s                      0x00000000   Number         0  libspace.o ABSOLUTE
    ../clib/angel/sys.s                      0x00000000   Number         0  use_no_semi.o ABSOLUTE
    ../clib/angel/sys.s                      0x00000000   Number         0  indicate_semi.o ABSOLUTE
    ../clib/angel/sysapp.c                   0x00000000   Number         0  sys_exit.o ABSOLUTE
    ../clib/angel/sysapp.c                   0x00000000   Number         0  sys_exit_hlt.o ABSOLUTE
    ../clib/angel/sysapp.c                   0x00000000   Number         0  sys_command.o ABSOLUTE
    ../clib/angel/sysapp.c                   0x00000000   Number         0  sys_command_hlt.o ABSOLUTE
    ../clib/angel/sysapp.c                   0x00000000   Number         0  sys_wrch.o ABSOLUTE
    ../clib/angel/sysapp.c                   0x00000000   Number         0  sys_wrch_hlt.o ABSOLUTE
    ../clib/armsys.c                         0x00000000   Number         0  argv_veneer.o ABSOLUTE
    ../clib/armsys.c                         0x00000000   Number         0  argv_veneer.o ABSOLUTE
    ../clib/armsys.c                         0x00000000   Number         0  _get_argv_nomalloc.o ABSOLUTE
    ../clib/armsys.c                         0x00000000   Number         0  no_argv.o ABSOLUTE
    ../clib/bigflt.c                         0x00000000   Number         0  bigflt0.o ABSOLUTE
    ../clib/btod.s                           0x00000000   Number         0  btod.o ABSOLUTE
    ../clib/btod_accurate.c                  0x00000000   Number         0  btod_accurate.o ABSOLUTE
    ../clib/btod_accurate.c                  0x00000000   Number         0  btod_accurate_common.o ABSOLUTE
    ../clib/heapalloc.c                      0x00000000   Number         0  hrguard.o ABSOLUTE
    ../clib/heapaux.c                        0x00000000   Number         0  heapauxi.o ABSOLUTE
    ../clib/libinit.s                        0x00000000   Number         0  libinit.o ABSOLUTE
    ../clib/libinit.s                        0x00000000   Number         0  libinit2.o ABSOLUTE
    ../clib/libinit.s                        0x00000000   Number         0  libshutdown.o ABSOLUTE
    ../clib/libinit.s                        0x00000000   Number         0  libshutdown2.o ABSOLUTE
    ../clib/locale.c                         0x00000000   Number         0  _c16rtomb.o ABSOLUTE
    ../clib/locale.s                         0x00000000   Number         0  lc_numeric_c.o ABSOLUTE
    ../clib/locale.s                         0x00000000   Number         0  lc_ctype_c.o ABSOLUTE
    ../clib/longlong.s                       0x00000000   Number         0  lludiv10.o ABSOLUTE
    ../clib/longlong.s                       0x00000000   Number         0  llushr.o ABSOLUTE
    ../clib/memcpset.s                       0x00000000   Number         0  strcmpv7em.o ABSOLUTE
    ../clib/misc.s                           0x00000000   Number         0  printf_stubs.o ABSOLUTE
    ../clib/printf.c                         0x00000000   Number         0  sprintf.o ABSOLUTE
    ../clib/printf.c                         0x00000000   Number         0  __printf.o ABSOLUTE
    ../clib/printf.c                         0x00000000   Number         0  _printf_pad.o ABSOLUTE
    ../clib/printf.c                         0x00000000   Number         0  _printf_truncate.o ABSOLUTE
    ../clib/printf.c                         0x00000000   Number         0  _printf_str.o ABSOLUTE
    ../clib/printf.c                         0x00000000   Number         0  _printf_dec.o ABSOLUTE
    ../clib/printf.c                         0x00000000   Number         0  _printf_charcount.o ABSOLUTE
    ../clib/printf.c                         0x00000000   Number         0  _printf_char_common.o ABSOLUTE
    ../clib/printf.c                         0x00000000   Number         0  _sputc.o ABSOLUTE
    ../clib/printf.c                         0x00000000   Number         0  _printf_wctomb.o ABSOLUTE
    ../clib/printf.c                         0x00000000   Number         0  _printf_longlong_dec.o ABSOLUTE
    ../clib/printf.c                         0x00000000   Number         0  _printf_oct_ll.o ABSOLUTE
    ../clib/printf.c                         0x00000000   Number         0  _printf_oct_int.o ABSOLUTE
    ../clib/printf.c                         0x00000000   Number         0  _printf_oct_int_ll.o ABSOLUTE
    ../clib/printf.c                         0x00000000   Number         0  _printf_hex_ll.o ABSOLUTE
    ../clib/printf.c                         0x00000000   Number         0  _printf_hex_int.o ABSOLUTE
    ../clib/printf.c                         0x00000000   Number         0  _printf_hex_int_ll.o ABSOLUTE
    ../clib/printf.c                         0x00000000   Number         0  _printf_hex_ptr.o ABSOLUTE
    ../clib/printf.c                         0x00000000   Number         0  _printf_hex_int_ptr.o ABSOLUTE
    ../clib/printf.c                         0x00000000   Number         0  _printf_hex_ll_ptr.o ABSOLUTE
    ../clib/printf.c                         0x00000000   Number         0  _printf_hex_int_ll_ptr.o ABSOLUTE
    ../clib/printf.c                         0x00000000   Number         0  __printf_flags.o ABSOLUTE
    ../clib/printf.c                         0x00000000   Number         0  __printf_ss.o ABSOLUTE
    ../clib/printf.c                         0x00000000   Number         0  __printf_flags_ss.o ABSOLUTE
    ../clib/printf.c                         0x00000000   Number         0  __printf_wp.o ABSOLUTE
    ../clib/printf.c                         0x00000000   Number         0  __printf_flags_wp.o ABSOLUTE
    ../clib/printf.c                         0x00000000   Number         0  __printf_ss_wp.o ABSOLUTE
    ../clib/printf.c                         0x00000000   Number         0  __printf_flags_ss_wp.o ABSOLUTE
    ../clib/printf.c                         0x00000000   Number         0  _printf_intcommon.o ABSOLUTE
    ../clib/printf.c                         0x00000000   Number         0  _printf_fp_dec.o ABSOLUTE
    ../clib/printf.c                         0x00000000   Number         0  _printf_fp_dec_accurate.o ABSOLUTE
    ../clib/printf.c                         0x00000000   Number         0  _printf_fp_hex.o ABSOLUTE
    ../clib/printf.c                         0x00000000   Number         0  __printf_nopercent.o ABSOLUTE
    ../clib/printf.c                         0x00000000   Number         0  _printf_char.o ABSOLUTE
    ../clib/printf.c                         0x00000000   Number         0  _printf_wchar.o ABSOLUTE
    ../clib/printf.c                         0x00000000   Number         0  _printf_fp_infnan.o ABSOLUTE
    ../clib/printf_percent.s                 0x00000000   Number         0  _printf_c.o ABSOLUTE
    ../clib/printf_percent.s                 0x00000000   Number         0  _printf_s.o ABSOLUTE
    ../clib/printf_percent.s                 0x00000000   Number         0  _printf_n.o ABSOLUTE
    ../clib/printf_percent.s                 0x00000000   Number         0  _printf_x.o ABSOLUTE
    ../clib/printf_percent.s                 0x00000000   Number         0  _printf_p.o ABSOLUTE
    ../clib/printf_percent.s                 0x00000000   Number         0  _printf_o.o ABSOLUTE
    ../clib/printf_percent.s                 0x00000000   Number         0  _printf_i.o ABSOLUTE
    ../clib/printf_percent.s                 0x00000000   Number         0  _printf_d.o ABSOLUTE
    ../clib/printf_percent.s                 0x00000000   Number         0  _printf_u.o ABSOLUTE
    ../clib/printf_percent.s                 0x00000000   Number         0  _printf_f.o ABSOLUTE
    ../clib/printf_percent.s                 0x00000000   Number         0  _printf_e.o ABSOLUTE
    ../clib/printf_percent.s                 0x00000000   Number         0  _printf_g.o ABSOLUTE
    ../clib/printf_percent.s                 0x00000000   Number         0  _printf_a.o ABSOLUTE
    ../clib/printf_percent.s                 0x00000000   Number         0  _printf_percent.o ABSOLUTE
    ../clib/printf_percent.s                 0x00000000   Number         0  _printf_lli.o ABSOLUTE
    ../clib/printf_percent.s                 0x00000000   Number         0  _printf_lld.o ABSOLUTE
    ../clib/printf_percent.s                 0x00000000   Number         0  _printf_llu.o ABSOLUTE
    ../clib/printf_percent.s                 0x00000000   Number         0  _printf_ll.o ABSOLUTE
    ../clib/printf_percent.s                 0x00000000   Number         0  _printf_l.o ABSOLUTE
    ../clib/printf_percent.s                 0x00000000   Number         0  _printf_lc.o ABSOLUTE
    ../clib/printf_percent.s                 0x00000000   Number         0  _printf_ls.o ABSOLUTE
    ../clib/printf_percent.s                 0x00000000   Number         0  _printf_llo.o ABSOLUTE
    ../clib/printf_percent.s                 0x00000000   Number         0  _printf_llx.o ABSOLUTE
    ../clib/printf_percent.s                 0x00000000   Number         0  _printf_percent_end.o ABSOLUTE
    ../clib/signal.c                         0x00000000   Number         0  defsig_rtmem_outer.o ABSOLUTE
    ../clib/signal.c                         0x00000000   Number         0  defsig_rtmem_formal.o ABSOLUTE
    ../clib/signal.c                         0x00000000   Number         0  defsig_exit.o ABSOLUTE
    ../clib/signal.c                         0x00000000   Number         0  defsig_rtmem_inner.o ABSOLUTE
    ../clib/signal.c                         0x00000000   Number         0  __raise.o ABSOLUTE
    ../clib/signal.c                         0x00000000   Number         0  defsig_general.o ABSOLUTE
    ../clib/signal.c                         0x00000000   Number         0  defsig_abrt_inner.o ABSOLUTE
    ../clib/signal.c                         0x00000000   Number         0  defsig_fpe_inner.o ABSOLUTE
    ../clib/signal.c                         0x00000000   Number         0  defsig_rtred_inner.o ABSOLUTE
    ../clib/signal.c                         0x00000000   Number         0  defsig_stak_inner.o ABSOLUTE
    ../clib/signal.c                         0x00000000   Number         0  defsig_pvfn_inner.o ABSOLUTE
    ../clib/signal.c                         0x00000000   Number         0  defsig_cppl_inner.o ABSOLUTE
    ../clib/signal.c                         0x00000000   Number         0  defsig_segv_inner.o ABSOLUTE
    ../clib/signal.c                         0x00000000   Number         0  defsig_other.o ABSOLUTE
    ../clib/signal.s                         0x00000000   Number         0  defsig.o ABSOLUTE
    ../clib/stdlib.c                         0x00000000   Number         0  exit.o ABSOLUTE
    ../clib/string.c                         0x00000000   Number         0  strcat.o ABSOLUTE
    ../fplib/fpinit.s                        0x00000000   Number         0  fpinit.o ABSOLUTE
    ../fplib/istatus.s                       0x00000000   Number         0  istatus.o ABSOLUTE
    ../fplib/printf1.s                       0x00000000   Number         0  printf1.o ABSOLUTE
    ../fplib/printf2.s                       0x00000000   Number         0  printf2.o ABSOLUTE
    ../fplib/printf2a.s                      0x00000000   Number         0  printf2a.o ABSOLUTE
    ../fplib/printf2b.s                      0x00000000   Number         0  printf2b.o ABSOLUTE
    ../fplib/usenofp.s                       0x00000000   Number         0  usenofp.o ABSOLUTE
    ../mathlib/fpclassify.c                  0x00000000   Number         0  fpclassify.o ABSOLUTE
    CLOCK.c                                  0x00000000   Number         0  clock.o ABSOLUTE
    GPIO.c                                   0x00000000   Number         0  gpio.o ABSOLUTE
    RTE/Device/STM32F446RETx/startup_stm32f446xx.s 0x00000000   Number         0  startup_stm32f446xx.o ABSOLUTE
    SYS_INIT.c                               0x00000000   Number         0  sys_init.o ABSOLUTE
    USART.c                                  0x00000000   Number         0  usart.o ABSOLUTE
    dc.s                                     0x00000000   Number         0  dc.o ABSOLUTE
    system_stm32f4xx.c                       0x00000000   Number         0  system_stm32f4xx.o ABSOLUTE
    traffic.c                                0x00000000   Number         0  traffic.o ABSOLUTE
    RESET                                    0x08000000   Section      452  startup_stm32f446xx.o(RESET)
    !!!main                                  0x080001c4   Section        8  __main.o(!!!main)
    !!!scatter                               0x080001cc   Section       52  __scatter.o(!!!scatter)
    !!handler_zi                             0x08000200   Section       28  __scatter_zi.o(!!handler_zi)
    .ARM.Collect$$_printf_percent$$00000000  0x0800021c   Section        0  _printf_percent.o(.ARM.Collect$$_printf_percent$$00000000)
    .ARM.Collect$$_printf_percent$$00000001  0x0800021c   Section        6  _printf_n.o(.ARM.Collect$$_printf_percent$$00000001)
    .ARM.Collect$$_printf_percent$$00000002  0x08000222   Section        6  _printf_p.o(.ARM.Collect$$_printf_percent$$00000002)
    .ARM.Collect$$_printf_percent$$00000003  0x08000228   Section        6  _printf_f.o(.ARM.Collect$$_printf_percent$$00000003)
    .ARM.Collect$$_printf_percent$$00000004  0x0800022e   Section        6  _printf_e.o(.ARM.Collect$$_printf_percent$$00000004)
    .ARM.Collect$$_printf_percent$$00000005  0x08000234   Section        6  _printf_g.o(.ARM.Collect$$_printf_percent$$00000005)
    .ARM.Collect$$_printf_percent$$00000006  0x0800023a   Section        6  _printf_a.o(.ARM.Collect$$_printf_percent$$00000006)
    .ARM.Collect$$_printf_percent$$00000007  0x08000240   Section       10  _printf_ll.o(.ARM.Collect$$_printf_percent$$00000007)
    .ARM.Collect$$_printf_percent$$00000008  0x0800024a   Section        6  _printf_i.o(.ARM.Collect$$_printf_percent$$00000008)
    .ARM.Collect$$_printf_percent$$00000009  0x08000250   Section        6  _printf_d.o(.ARM.Collect$$_printf_percent$$00000009)
    .ARM.Collect$$_printf_percent$$0000000A  0x08000256   Section        6  _printf_u.o(.ARM.Collect$$_printf_percent$$0000000A)
    .ARM.Collect$$_printf_percent$$0000000B  0x0800025c   Section        6  _printf_o.o(.ARM.Collect$$_printf_percent$$0000000B)
    .ARM.Collect$$_printf_percent$$0000000C  0x08000262   Section        6  _printf_x.o(.ARM.Collect$$_printf_percent$$0000000C)
    .ARM.Collect$$_printf_percent$$0000000D  0x08000268   Section        6  _printf_lli.o(.ARM.Collect$$_printf_percent$$0000000D)
    .ARM.Collect$$_printf_percent$$0000000E  0x0800026e   Section        6  _printf_lld.o(.ARM.Collect$$_printf_percent$$0000000E)
    .ARM.Collect$$_printf_percent$$0000000F  0x08000274   Section        6  _printf_llu.o(.ARM.Collect$$_printf_percent$$0000000F)
    .ARM.Collect$$_printf_percent$$00000010  0x0800027a   Section        6  _printf_llo.o(.ARM.Collect$$_printf_percent$$00000010)
    .ARM.Collect$$_printf_percent$$00000011  0x08000280   Section        6  _printf_llx.o(.ARM.Collect$$_printf_percent$$00000011)
    .ARM.Collect$$_printf_percent$$00000012  0x08000286   Section       10  _printf_l.o(.ARM.Collect$$_printf_percent$$00000012)
    .ARM.Collect$$_printf_percent$$00000013  0x08000290   Section        6  _printf_c.o(.ARM.Collect$$_printf_percent$$00000013)
    .ARM.Collect$$_printf_percent$$00000014  0x08000296   Section        6  _printf_s.o(.ARM.Collect$$_printf_percent$$00000014)
    .ARM.Collect$$_printf_percent$$00000015  0x0800029c   Section        6  _printf_lc.o(.ARM.Collect$$_printf_percent$$00000015)
    .ARM.Collect$$_printf_percent$$00000016  0x080002a2   Section        6  _printf_ls.o(.ARM.Collect$$_printf_percent$$00000016)
    .ARM.Collect$$_printf_percent$$00000017  0x080002a8   Section        4  _printf_percent_end.o(.ARM.Collect$$_printf_percent$$00000017)
    .ARM.Collect$$libinit$$00000000          0x080002ac   Section        2  libinit.o(.ARM.Collect$$libinit$$00000000)
    .ARM.Collect$$libinit$$00000001          0x080002ae   Section        4  libinit2.o(.ARM.Collect$$libinit$$00000001)
    .ARM.Collect$$libinit$$00000004          0x080002b2   Section        0  libinit2.o(.ARM.Collect$$libinit$$00000004)
    .ARM.Collect$$libinit$$00000006          0x080002b2   Section        0  libinit2.o(.ARM.Collect$$libinit$$00000006)
    .ARM.Collect$$libinit$$0000000C          0x080002b2   Section        0  libinit2.o(.ARM.Collect$$libinit$$0000000C)
    .ARM.Collect$$libinit$$0000000E          0x080002b2   Section        0  libinit2.o(.ARM.Collect$$libinit$$0000000E)
    .ARM.Collect$$libinit$$00000010          0x080002b2   Section        0  libinit2.o(.ARM.Collect$$libinit$$00000010)
    .ARM.Collect$$libinit$$00000011          0x080002b2   Section        6  libinit2.o(.ARM.Collect$$libinit$$00000011)
    .ARM.Collect$$libinit$$00000013          0x080002b8   Section        0  libinit2.o(.ARM.Collect$$libinit$$00000013)
    .ARM.Collect$$libinit$$00000014          0x080002b8   Section       12  libinit2.o(.ARM.Collect$$libinit$$00000014)
    .ARM.Collect$$libinit$$00000015          0x080002c4   Section        0  libinit2.o(.ARM.Collect$$libinit$$00000015)
    .ARM.Collect$$libinit$$00000017          0x080002c4   Section        0  libinit2.o(.ARM.Collect$$libinit$$00000017)
    .ARM.Collect$$libinit$$00000018          0x080002c4   Section       10  libinit2.o(.ARM.Collect$$libinit$$00000018)
    .ARM.Collect$$libinit$$00000019          0x080002ce   Section        0  libinit2.o(.ARM.Collect$$libinit$$00000019)
    .ARM.Collect$$libinit$$0000001B          0x080002ce   Section        0  libinit2.o(.ARM.Collect$$libinit$$0000001B)
    .ARM.Collect$$libinit$$0000001D          0x080002ce   Section        0  libinit2.o(.ARM.Collect$$libinit$$0000001D)
    .ARM.Collect$$libinit$$0000001F          0x080002ce   Section        0  libinit2.o(.ARM.Collect$$libinit$$0000001F)
    .ARM.Collect$$libinit$$00000021          0x080002ce   Section        0  libinit2.o(.ARM.Collect$$libinit$$00000021)
    .ARM.Collect$$libinit$$00000023          0x080002ce   Section        0  libinit2.o(.ARM.Collect$$libinit$$00000023)
    .ARM.Collect$$libinit$$00000025          0x080002ce   Section        0  libinit2.o(.ARM.Collect$$libinit$$00000025)
    .ARM.Collect$$libinit$$00000027          0x080002ce   Section        0  libinit2.o(.ARM.Collect$$libinit$$00000027)
    .ARM.Collect$$libinit$$0000002E          0x080002ce   Section        0  libinit2.o(.ARM.Collect$$libinit$$0000002E)
    .ARM.Collect$$libinit$$00000030          0x080002ce   Section        0  libinit2.o(.ARM.Collect$$libinit$$00000030)
    .ARM.Collect$$libinit$$00000032          0x080002ce   Section        0  libinit2.o(.ARM.Collect$$libinit$$00000032)
    .ARM.Collect$$libinit$$00000034          0x080002ce   Section        0  libinit2.o(.ARM.Collect$$libinit$$00000034)
    .ARM.Collect$$libinit$$00000035          0x080002ce   Section        2  libinit2.o(.ARM.Collect$$libinit$$00000035)
    .ARM.Collect$$libshutdown$$00000000      0x080002d0   Section        2  libshutdown.o(.ARM.Collect$$libshutdown$$00000000)
    .ARM.Collect$$libshutdown$$00000002      0x080002d2   Section        0  libshutdown2.o(.ARM.Collect$$libshutdown$$00000002)
    .ARM.Collect$$libshutdown$$00000004      0x080002d2   Section        0  libshutdown2.o(.ARM.Collect$$libshutdown$$00000004)
    .ARM.Collect$$libshutdown$$00000007      0x080002d2   Section        0  libshutdown2.o(.ARM.Collect$$libshutdown$$00000007)
    .ARM.Collect$$libshutdown$$0000000A      0x080002d2   Section        0  libshutdown2.o(.ARM.Collect$$libshutdown$$0000000A)
    .ARM.Collect$$libshutdown$$0000000C      0x080002d2   Section        0  libshutdown2.o(.ARM.Collect$$libshutdown$$0000000C)
    .ARM.Collect$$libshutdown$$0000000F      0x080002d2   Section        0  libshutdown2.o(.ARM.Collect$$libshutdown$$0000000F)
    .ARM.Collect$$libshutdown$$00000010      0x080002d2   Section        2  libshutdown2.o(.ARM.Collect$$libshutdown$$00000010)
    .ARM.Collect$$rtentry$$00000000          0x080002d4   Section        0  __rtentry.o(.ARM.Collect$$rtentry$$00000000)
    .ARM.Collect$$rtentry$$00000002          0x080002d4   Section        0  __rtentry2.o(.ARM.Collect$$rtentry$$00000002)
    .ARM.Collect$$rtentry$$00000004          0x080002d4   Section        6  __rtentry4.o(.ARM.Collect$$rtentry$$00000004)
    .ARM.Collect$$rtentry$$00000009          0x080002da   Section        0  __rtentry2.o(.ARM.Collect$$rtentry$$00000009)
    .ARM.Collect$$rtentry$$0000000A          0x080002da   Section        4  __rtentry2.o(.ARM.Collect$$rtentry$$0000000A)
    .ARM.Collect$$rtentry$$0000000C          0x080002de   Section        0  __rtentry2.o(.ARM.Collect$$rtentry$$0000000C)
    .ARM.Collect$$rtentry$$0000000D          0x080002de   Section        8  __rtentry2.o(.ARM.Collect$$rtentry$$0000000D)
    .ARM.Collect$$rtexit$$00000000           0x080002e6   Section        2  rtexit.o(.ARM.Collect$$rtexit$$00000000)
    .ARM.Collect$$rtexit$$00000002           0x080002e8   Section        0  rtexit2.o(.ARM.Collect$$rtexit$$00000002)
    .ARM.Collect$$rtexit$$00000003           0x080002e8   Section        4  rtexit2.o(.ARM.Collect$$rtexit$$00000003)
    .ARM.Collect$$rtexit$$00000004           0x080002ec   Section        6  rtexit2.o(.ARM.Collect$$rtexit$$00000004)
    $v0                                      0x080002f4   Number         0  startup_stm32f446xx.o(.text)
    .text                                    0x080002f4   Section       64  startup_stm32f446xx.o(.text)
    .text                                    0x08000334   Section        0  sprintf.o(.text)
    .text                                    0x08000360   Section        0  strcat.o(.text)
    .text                                    0x08000378   Section        0  heapauxi.o(.text)
    .text                                    0x0800037e   Section        0  _printf_pad.o(.text)
    .text                                    0x080003cc   Section        0  _printf_truncate.o(.text)
    .text                                    0x080003f0   Section        0  _printf_str.o(.text)
    .text                                    0x08000444   Section        0  _printf_dec.o(.text)
    .text                                    0x080004bc   Section        0  _printf_charcount.o(.text)
    _printf_input_char                       0x080004e5   Thumb Code    10  _printf_char_common.o(.text)
    .text                                    0x080004e4   Section        0  _printf_char_common.o(.text)
    .text                                    0x08000514   Section        0  _sputc.o(.text)
    .text                                    0x08000520   Section        0  _printf_wctomb.o(.text)
    .text                                    0x080005dc   Section        0  _printf_longlong_dec.o(.text)
    _printf_longlong_oct_internal            0x08000659   Thumb Code     0  _printf_oct_int_ll.o(.text)
    .text                                    0x08000658   Section        0  _printf_oct_int_ll.o(.text)
    _printf_hex_common                       0x080006c9   Thumb Code     0  _printf_hex_int_ll_ptr.o(.text)
    .text                                    0x080006c8   Section        0  _printf_hex_int_ll_ptr.o(.text)
    .text                                    0x0800075c   Section        0  __printf_flags_ss_wp.o(.text)
    .text                                    0x080008e4   Section      138  lludiv10.o(.text)
    .text                                    0x0800096e   Section        0  _printf_intcommon.o(.text)
    _fp_digits                               0x08000a21   Thumb Code   432  _printf_fp_dec.o(.text)
    .text                                    0x08000a20   Section        0  _printf_fp_dec.o(.text)
    .text                                    0x08000e3c   Section        0  _printf_fp_hex.o(.text)
    .text                                    0x08001138   Section        0  _printf_char.o(.text)
    .text                                    0x08001164   Section        0  _printf_wchar.o(.text)
    .text                                    0x08001190   Section        0  _c16rtomb.o(.text)
    .text                                    0x080011d8   Section       74  sys_stackheap_outer.o(.text)
    .text                                    0x08001224   Section       16  rt_ctype_table.o(.text)
    .text                                    0x08001234   Section        8  rt_locale_intlibspace.o(.text)
    .text                                    0x0800123c   Section        0  _printf_fp_infnan.o(.text)
    .text                                    0x080012bc   Section        0  bigflt0.o(.text)
    .text                                    0x080013a0   Section        0  exit.o(.text)
    .text                                    0x080013b4   Section        8  libspace.o(.text)
    .text                                    0x080013c0   Section      124  strcmpv7em.o(.text)
    .text                                    0x0800143c   Section        0  sys_exit.o(.text)
    .text                                    0x08001448   Section        2  use_no_semi.o(.text)
    .text                                    0x0800144a   Section        0  indicate_semi.o(.text)
    SysTick_Config                           0x0800144d   Thumb Code    82  sys_init.o(.text.SysTick_Config)
    [Anonymous Symbol]                       0x0800144c   Section        0  sys_init.o(.text.SysTick_Config)
    [Anonymous Symbol]                       0x080014a0   Section        0  sys_init.o(.text.SysTick_Handler)
    [Anonymous Symbol]                       0x080014b0   Section        0  system_stm32f4xx.o(.text.SystemInit)
    [Anonymous Symbol]                       0x080014c4   Section        0  usart.o(.text.UART2_Config)
    [Anonymous Symbol]                       0x08001558   Section        0  traffic.o(.text.UART4_IRQHandler)
    [Anonymous Symbol]                       0x080015f0   Section        0  traffic.o(.text.UART5_IRQHandler)
    [Anonymous Symbol]                       0x08001688   Section        0  traffic.o(.text.USART2_IRQHandler)
    [Anonymous Symbol]                       0x08001708   Section        0  usart.o(.text.USART2_SendString)
    __NVIC_EnableIRQ                         0x08001745   Thumb Code    48  traffic.o(.text.__NVIC_EnableIRQ)
    [Anonymous Symbol]                       0x08001744   Section        0  traffic.o(.text.__NVIC_EnableIRQ)
    __NVIC_SetPriority                       0x08001775   Thumb Code    66  sys_init.o(.text.__NVIC_SetPriority)
    [Anonymous Symbol]                       0x08001774   Section        0  sys_init.o(.text.__NVIC_SetPriority)
    __NVIC_SetPriority                       0x080017b9   Thumb Code    66  traffic.o(.text.__NVIC_SetPriority)
    [Anonymous Symbol]                       0x080017b8   Section        0  traffic.o(.text.__NVIC_SetPriority)
    [Anonymous Symbol]                       0x080017fc   Section        0  clock.o(.text.initClock)
    [Anonymous Symbol]                       0x080018d4   Section        0  usart.o(.text.initUART4)
    [Anonymous Symbol]                       0x08001930   Section        0  usart.o(.text.initUART5)
    [Anonymous Symbol]                       0x080019b0   Section        0  traffic.o(.text.main)
    [Anonymous Symbol]                       0x08001a98   Section        0  sys_init.o(.text.ms_delay)
    [Anonymous Symbol]                       0x08001ac8   Section        0  sys_init.o(.text.sysInit)
    CL$$btod_d2e                             0x08001ad8   Section       62  btod.o(CL$$btod_d2e)
    CL$$btod_d2e_denorm_low                  0x08001b16   Section       70  btod.o(CL$$btod_d2e_denorm_low)
    CL$$btod_d2e_norm_op1                    0x08001b5c   Section       96  btod.o(CL$$btod_d2e_norm_op1)
    CL$$btod_div_common                      0x08001bbc   Section      824  btod.o(CL$$btod_div_common)
    CL$$btod_e2e                             0x08001ef4   Section      220  btod.o(CL$$btod_e2e)
    CL$$btod_ediv                            0x08001fd0   Section       42  btod.o(CL$$btod_ediv)
    CL$$btod_emul                            0x08001ffa   Section       42  btod.o(CL$$btod_emul)
    CL$$btod_mult_common                     0x08002024   Section      580  btod.o(CL$$btod_mult_common)
    i.__ARM_fpclassify                       0x08002268   Section        0  fpclassify.o(i.__ARM_fpclassify)
    i._is_digit                              0x08002298   Section        0  __printf_wp.o(i._is_digit)
    locale$$code                             0x080022a8   Section       44  lc_numeric_c.o(locale$$code)
    locale$$code                             0x080022d4   Section       44  lc_ctype_c.o(locale$$code)
    $v0                                      0x08002300   Number         0  fpinit.o(x$fpl$fpinit)
    x$fpl$fpinit                             0x08002300   Section       26  fpinit.o(x$fpl$fpinit)
    $v0                                      0x0800231a   Number         0  printf1.o(x$fpl$printf1)
    x$fpl$printf1                            0x0800231a   Section        4  printf1.o(x$fpl$printf1)
    $v0                                      0x0800231e   Number         0  printf2.o(x$fpl$printf2)
    x$fpl$printf2                            0x0800231e   Section        4  printf2.o(x$fpl$printf2)
    x$fpl$usenofp                            0x08002322   Section        0  usenofp.o(x$fpl$usenofp)
    initial_mbstate                          0x08002324   Data           8  _printf_wctomb.o(.constdata)
    .constdata                               0x08002324   Section        8  _printf_wctomb.o(.constdata)
    uc_hextab                                0x0800232c   Data          20  _printf_hex_int_ll_ptr.o(.constdata)
    .constdata                               0x0800232c   Section       40  _printf_hex_int_ll_ptr.o(.constdata)
    lc_hextab                                0x08002340   Data          20  _printf_hex_int_ll_ptr.o(.constdata)
    maptable                                 0x08002354   Data          17  __printf_flags_ss_wp.o(.constdata)
    .constdata                               0x08002354   Section       17  __printf_flags_ss_wp.o(.constdata)
    lc_hextab                                0x08002365   Data          19  _printf_fp_hex.o(.constdata)
    .constdata                               0x08002365   Section       38  _printf_fp_hex.o(.constdata)
    uc_hextab                                0x08002378   Data          19  _printf_fp_hex.o(.constdata)
    tenpwrs_x                                0x0800238c   Data          60  bigflt0.o(.constdata)
    .constdata                               0x0800238c   Section      148  bigflt0.o(.constdata)
    tenpwrs_i                                0x080023c8   Data          64  bigflt0.o(.constdata)
    .L.str.2                                 0x08002420   Data           2  traffic.o(.rodata.str1.1)
    [Anonymous Symbol]                       0x08002420   Section        0  traffic.o(.rodata.str1.1)
    .L.str.1                                 0x08002422   Data           2  traffic.o(.rodata.str1.1)
    .L.str                                   0x08002424   Data           3  traffic.o(.rodata.str1.1)
    locale$$data                             0x08002438   Section       28  lc_numeric_c.o(locale$$data)
    __lcnum_c_name                           0x0800243c   Data           2  lc_numeric_c.o(locale$$data)
    __lcnum_c_start                          0x08002444   Data           0  lc_numeric_c.o(locale$$data)
    __lcnum_c_point                          0x08002450   Data           0  lc_numeric_c.o(locale$$data)
    __lcnum_c_thousands                      0x08002452   Data           0  lc_numeric_c.o(locale$$data)
    __lcnum_c_grouping                       0x08002453   Data           0  lc_numeric_c.o(locale$$data)
    __lcnum_c_end                            0x08002454   Data           0  lc_numeric_c.o(locale$$data)
    locale$$data                             0x08002454   Section      272  lc_ctype_c.o(locale$$data)
    __lcctype_c_name                         0x08002458   Data           2  lc_ctype_c.o(locale$$data)
    __lcctype_c_start                        0x08002460   Data           0  lc_ctype_c.o(locale$$data)
    __lcctype_c_end                          0x08002564   Data           0  lc_ctype_c.o(locale$$data)
    .bss                                     0x20000000   Section       96  libspace.o(.bss)
    i                                        0x20000060   Data           4  traffic.o(.bss.i)
    [Anonymous Symbol]                       0x20000060   Section        0  traffic.o(.bss.i)
    msTicks                                  0x20000064   Data           4  sys_init.o(.bss.msTicks)
    [Anonymous Symbol]                       0x20000064   Section        0  sys_init.o(.bss.msTicks)
    rx                                       0x20000068   Data           4  traffic.o(.bss.rx)
    [Anonymous Symbol]                       0x20000068   Section        0  traffic.o(.bss.rx)
    rx_buffer                                0x2000006c   Data          50  traffic.o(.bss.rx_buffer)
    [Anonymous Symbol]                       0x2000006c   Section        0  traffic.o(.bss.rx_buffer)
    tx                                       0x200000a0   Data           4  traffic.o(.bss.tx)
    [Anonymous Symbol]                       0x200000a0   Section        0  traffic.o(.bss.tx)
    tx_buffer                                0x200000a4   Data          50  traffic.o(.bss.tx_buffer)
    [Anonymous Symbol]                       0x200000a4   Section        0  traffic.o(.bss.tx_buffer)
    Heap_Mem                                 0x200000d8   Data         512  startup_stm32f446xx.o(HEAP)
    HEAP                                     0x200000d8   Section      512  startup_stm32f446xx.o(HEAP)
    Stack_Mem                                0x200002d8   Data        1024  startup_stm32f446xx.o(STACK)
    STACK                                    0x200002d8   Section     1024  startup_stm32f446xx.o(STACK)
    __initial_sp                             0x200006d8   Data           0  startup_stm32f446xx.o(STACK)

    Global Symbols

    Symbol Name                              Value     Ov Type        Size  Object(Section)

    BuildAttributes$$THM_ISAv4$E$P$D$K$B$S$7EM$VFPi3$EXTD16$VFPS$VFMA$PE$A:L22UL41UL21$X:L11$S22US41US21$IEEE1$IW$~IW$USESV6$~STKCKD$USESV7$~SHL$OTIME$ROPI$IEEEJ$EBA8$UX$STANDARDLIB$REQ8$PRES8$EABIv2 0x00000000   Number         0  anon$$obj.o ABSOLUTE
    _printf_flags                            0x00000000   Number         0  printf_stubs.o ABSOLUTE
    _printf_return_value                     0x00000000   Number         0  printf_stubs.o ABSOLUTE
    _printf_sizespec                         0x00000000   Number         0  printf_stubs.o ABSOLUTE
    _printf_widthprec                        0x00000000   Number         0  printf_stubs.o ABSOLUTE
    __ARM_exceptions_init                     - Undefined Weak Reference
    __alloca_initialize                       - Undefined Weak Reference
    __arm_preinit_                            - Undefined Weak Reference
    __arm_relocate_pie_                       - Undefined Weak Reference
    __cpp_initialize__aeabi_                  - Undefined Weak Reference
    __cxa_finalize                            - Undefined Weak Reference
    __sigvec_lookup                           - Undefined Weak Reference
    _atexit_init                              - Undefined Weak Reference
    _call_atexit_fns                          - Undefined Weak Reference
    _clock_init                               - Undefined Weak Reference
    _fp_trap_init                             - Undefined Weak Reference
    _fp_trap_shutdown                         - Undefined Weak Reference
    _get_lc_collate                           - Undefined Weak Reference
    _get_lc_monetary                          - Undefined Weak Reference
    _get_lc_time                              - Undefined Weak Reference
    _getenv_init                              - Undefined Weak Reference
    _handle_redirection                       - Undefined Weak Reference
    _init_alloc                               - Undefined Weak Reference
    _init_user_alloc                          - Undefined Weak Reference
    _initio                                   - Undefined Weak Reference
    _printf_mbtowc                            - Undefined Weak Reference
    _printf_wc                                - Undefined Weak Reference
    _rand_init                                - Undefined Weak Reference
    _signal_finish                            - Undefined Weak Reference
    _signal_init                              - Undefined Weak Reference
    _terminate_alloc                          - Undefined Weak Reference
    _terminate_user_alloc                     - Undefined Weak Reference
    _terminateio                              - Undefined Weak Reference
    __Vectors_Size                           0x000001c4   Number         0  startup_stm32f446xx.o ABSOLUTE
    __Vectors                                0x08000000   Data           4  startup_stm32f446xx.o(RESET)
    __Vectors_End                            0x080001c4   Data           0  startup_stm32f446xx.o(RESET)
    __main                                   0x080001c5   Thumb Code     8  __main.o(!!!main)
    __scatterload                            0x080001cd   Thumb Code     0  __scatter.o(!!!scatter)
    __scatterload_rt2                        0x080001cd   Thumb Code    44  __scatter.o(!!!scatter)
    __scatterload_rt2_thumb_only             0x080001cd   Thumb Code     0  __scatter.o(!!!scatter)
    __scatterload_null                       0x080001db   Thumb Code     0  __scatter.o(!!!scatter)
    __scatterload_zeroinit                   0x08000201   Thumb Code    28  __scatter_zi.o(!!handler_zi)
    _printf_n                                0x0800021d   Thumb Code     0  _printf_n.o(.ARM.Collect$$_printf_percent$$00000001)
    _printf_percent                          0x0800021d   Thumb Code     0  _printf_percent.o(.ARM.Collect$$_printf_percent$$00000000)
    _printf_p                                0x08000223   Thumb Code     0  _printf_p.o(.ARM.Collect$$_printf_percent$$00000002)
    _printf_f                                0x08000229   Thumb Code     0  _printf_f.o(.ARM.Collect$$_printf_percent$$00000003)
    _printf_e                                0x0800022f   Thumb Code     0  _printf_e.o(.ARM.Collect$$_printf_percent$$00000004)
    _printf_g                                0x08000235   Thumb Code     0  _printf_g.o(.ARM.Collect$$_printf_percent$$00000005)
    _printf_a                                0x0800023b   Thumb Code     0  _printf_a.o(.ARM.Collect$$_printf_percent$$00000006)
    _printf_ll                               0x08000241   Thumb Code     0  _printf_ll.o(.ARM.Collect$$_printf_percent$$00000007)
    _printf_i                                0x0800024b   Thumb Code     0  _printf_i.o(.ARM.Collect$$_printf_percent$$00000008)
    _printf_d                                0x08000251   Thumb Code     0  _printf_d.o(.ARM.Collect$$_printf_percent$$00000009)
    _printf_u                                0x08000257   Thumb Code     0  _printf_u.o(.ARM.Collect$$_printf_percent$$0000000A)
    _printf_o                                0x0800025d   Thumb Code     0  _printf_o.o(.ARM.Collect$$_printf_percent$$0000000B)
    _printf_x                                0x08000263   Thumb Code     0  _printf_x.o(.ARM.Collect$$_printf_percent$$0000000C)
    _printf_lli                              0x08000269   Thumb Code     0  _printf_lli.o(.ARM.Collect$$_printf_percent$$0000000D)
    _printf_lld                              0x0800026f   Thumb Code     0  _printf_lld.o(.ARM.Collect$$_printf_percent$$0000000E)
    _printf_llu                              0x08000275   Thumb Code     0  _printf_llu.o(.ARM.Collect$$_printf_percent$$0000000F)
    _printf_llo                              0x0800027b   Thumb Code     0  _printf_llo.o(.ARM.Collect$$_printf_percent$$00000010)
    _printf_llx                              0x08000281   Thumb Code     0  _printf_llx.o(.ARM.Collect$$_printf_percent$$00000011)
    _printf_l                                0x08000287   Thumb Code     0  _printf_l.o(.ARM.Collect$$_printf_percent$$00000012)
    _printf_c                                0x08000291   Thumb Code     0  _printf_c.o(.ARM.Collect$$_printf_percent$$00000013)
    _printf_s                                0x08000297   Thumb Code     0  _printf_s.o(.ARM.Collect$$_printf_percent$$00000014)
    _printf_lc                               0x0800029d   Thumb Code     0  _printf_lc.o(.ARM.Collect$$_printf_percent$$00000015)
    _printf_ls                               0x080002a3   Thumb Code     0  _printf_ls.o(.ARM.Collect$$_printf_percent$$00000016)
    _printf_percent_end                      0x080002a9   Thumb Code     0  _printf_percent_end.o(.ARM.Collect$$_printf_percent$$00000017)
    __rt_lib_init                            0x080002ad   Thumb Code     0  libinit.o(.ARM.Collect$$libinit$$00000000)
    __rt_lib_init_fp_1                       0x080002af   Thumb Code     0  libinit2.o(.ARM.Collect$$libinit$$00000001)
    __rt_lib_init_heap_1                     0x080002b3   Thumb Code     0  libinit2.o(.ARM.Collect$$libinit$$0000000C)
    __rt_lib_init_lc_common                  0x080002b3   Thumb Code     0  libinit2.o(.ARM.Collect$$libinit$$00000011)
    __rt_lib_init_preinit_1                  0x080002b3   Thumb Code     0  libinit2.o(.ARM.Collect$$libinit$$00000006)
    __rt_lib_init_rand_1                     0x080002b3   Thumb Code     0  libinit2.o(.ARM.Collect$$libinit$$00000010)
    __rt_lib_init_relocate_pie_1             0x080002b3   Thumb Code     0  libinit2.o(.ARM.Collect$$libinit$$00000004)
    __rt_lib_init_user_alloc_1               0x080002b3   Thumb Code     0  libinit2.o(.ARM.Collect$$libinit$$0000000E)
    __rt_lib_init_lc_collate_1               0x080002b9   Thumb Code     0  libinit2.o(.ARM.Collect$$libinit$$00000013)
    __rt_lib_init_lc_ctype_2                 0x080002b9   Thumb Code     0  libinit2.o(.ARM.Collect$$libinit$$00000014)
    __rt_lib_init_lc_ctype_1                 0x080002c5   Thumb Code     0  libinit2.o(.ARM.Collect$$libinit$$00000015)
    __rt_lib_init_lc_monetary_1              0x080002c5   Thumb Code     0  libinit2.o(.ARM.Collect$$libinit$$00000017)
    __rt_lib_init_lc_numeric_2               0x080002c5   Thumb Code     0  libinit2.o(.ARM.Collect$$libinit$$00000018)
    __rt_lib_init_alloca_1                   0x080002cf   Thumb Code     0  libinit2.o(.ARM.Collect$$libinit$$00000030)
    __rt_lib_init_argv_1                     0x080002cf   Thumb Code     0  libinit2.o(.ARM.Collect$$libinit$$0000002E)
    __rt_lib_init_atexit_1                   0x080002cf   Thumb Code     0  libinit2.o(.ARM.Collect$$libinit$$0000001D)
    __rt_lib_init_clock_1                    0x080002cf   Thumb Code     0  libinit2.o(.ARM.Collect$$libinit$$00000023)
    __rt_lib_init_cpp_1                      0x080002cf   Thumb Code     0  libinit2.o(.ARM.Collect$$libinit$$00000034)
    __rt_lib_init_exceptions_1               0x080002cf   Thumb Code     0  libinit2.o(.ARM.Collect$$libinit$$00000032)
    __rt_lib_init_fp_trap_1                  0x080002cf   Thumb Code     0  libinit2.o(.ARM.Collect$$libinit$$00000021)
    __rt_lib_init_getenv_1                   0x080002cf   Thumb Code     0  libinit2.o(.ARM.Collect$$libinit$$00000025)
    __rt_lib_init_lc_numeric_1               0x080002cf   Thumb Code     0  libinit2.o(.ARM.Collect$$libinit$$00000019)
    __rt_lib_init_lc_time_1                  0x080002cf   Thumb Code     0  libinit2.o(.ARM.Collect$$libinit$$0000001B)
    __rt_lib_init_return                     0x080002cf   Thumb Code     0  libinit2.o(.ARM.Collect$$libinit$$00000035)
    __rt_lib_init_signal_1                   0x080002cf   Thumb Code     0  libinit2.o(.ARM.Collect$$libinit$$0000001F)
    __rt_lib_init_stdio_1                    0x080002cf   Thumb Code     0  libinit2.o(.ARM.Collect$$libinit$$00000027)
    __rt_lib_shutdown                        0x080002d1   Thumb Code     0  libshutdown.o(.ARM.Collect$$libshutdown$$00000000)
    __rt_lib_shutdown_cpp_1                  0x080002d3   Thumb Code     0  libshutdown2.o(.ARM.Collect$$libshutdown$$00000002)
    __rt_lib_shutdown_fp_trap_1              0x080002d3   Thumb Code     0  libshutdown2.o(.ARM.Collect$$libshutdown$$00000007)
    __rt_lib_shutdown_heap_1                 0x080002d3   Thumb Code     0  libshutdown2.o(.ARM.Collect$$libshutdown$$0000000F)
    __rt_lib_shutdown_return                 0x080002d3   Thumb Code     0  libshutdown2.o(.ARM.Collect$$libshutdown$$00000010)
    __rt_lib_shutdown_signal_1               0x080002d3   Thumb Code     0  libshutdown2.o(.ARM.Collect$$libshutdown$$0000000A)
    __rt_lib_shutdown_stdio_1                0x080002d3   Thumb Code     0  libshutdown2.o(.ARM.Collect$$libshutdown$$00000004)
    __rt_lib_shutdown_user_alloc_1           0x080002d3   Thumb Code     0  libshutdown2.o(.ARM.Collect$$libshutdown$$0000000C)
    __rt_entry                               0x080002d5   Thumb Code     0  __rtentry.o(.ARM.Collect$$rtentry$$00000000)
    __rt_entry_presh_1                       0x080002d5   Thumb Code     0  __rtentry2.o(.ARM.Collect$$rtentry$$00000002)
    __rt_entry_sh                            0x080002d5   Thumb Code     0  __rtentry4.o(.ARM.Collect$$rtentry$$00000004)
    __rt_entry_li                            0x080002db   Thumb Code     0  __rtentry2.o(.ARM.Collect$$rtentry$$0000000A)
    __rt_entry_postsh_1                      0x080002db   Thumb Code     0  __rtentry2.o(.ARM.Collect$$rtentry$$00000009)
    __rt_entry_main                          0x080002df   Thumb Code     0  __rtentry2.o(.ARM.Collect$$rtentry$$0000000D)
    __rt_entry_postli_1                      0x080002df   Thumb Code     0  __rtentry2.o(.ARM.Collect$$rtentry$$0000000C)
    __rt_exit                                0x080002e7   Thumb Code     0  rtexit.o(.ARM.Collect$$rtexit$$00000000)
    __rt_exit_ls                             0x080002e9   Thumb Code     0  rtexit2.o(.ARM.Collect$$rtexit$$00000003)
    __rt_exit_prels_1                        0x080002e9   Thumb Code     0  rtexit2.o(.ARM.Collect$$rtexit$$00000002)
    __rt_exit_exit                           0x080002ed   Thumb Code     0  rtexit2.o(.ARM.Collect$$rtexit$$00000004)
    Reset_Handler                            0x080002f5   Thumb Code     8  startup_stm32f446xx.o(.text)
    NMI_Handler                              0x080002fd   Thumb Code     2  startup_stm32f446xx.o(.text)
    HardFault_Handler                        0x080002ff   Thumb Code     2  startup_stm32f446xx.o(.text)
    MemManage_Handler                        0x08000301   Thumb Code     2  startup_stm32f446xx.o(.text)
    BusFault_Handler                         0x08000303   Thumb Code     2  startup_stm32f446xx.o(.text)
    UsageFault_Handler                       0x08000305   Thumb Code     2  startup_stm32f446xx.o(.text)
    SVC_Handler                              0x08000307   Thumb Code     2  startup_stm32f446xx.o(.text)
    DebugMon_Handler                         0x08000309   Thumb Code     2  startup_stm32f446xx.o(.text)
    PendSV_Handler                           0x0800030b   Thumb Code     2  startup_stm32f446xx.o(.text)
    ADC_IRQHandler                           0x0800030f   Thumb Code     0  startup_stm32f446xx.o(.text)
    CAN1_RX0_IRQHandler                      0x0800030f   Thumb Code     0  startup_stm32f446xx.o(.text)
    CAN1_RX1_IRQHandler                      0x0800030f   Thumb Code     0  startup_stm32f446xx.o(.text)
    CAN1_SCE_IRQHandler                      0x0800030f   Thumb Code     0  startup_stm32f446xx.o(.text)
    CAN1_TX_IRQHandler                       0x0800030f   Thumb Code     0  startup_stm32f446xx.o(.text)
    CAN2_RX0_IRQHandler                      0x0800030f   Thumb Code     0  startup_stm32f446xx.o(.text)
    CAN2_RX1_IRQHandler                      0x0800030f   Thumb Code     0  startup_stm32f446xx.o(.text)
    CAN2_SCE_IRQHandler                      0x0800030f   Thumb Code     0  startup_stm32f446xx.o(.text)
    CAN2_TX_IRQHandler                       0x0800030f   Thumb Code     0  startup_stm32f446xx.o(.text)
    CEC_IRQHandler                           0x0800030f   Thumb Code     0  startup_stm32f446xx.o(.text)
    DCMI_IRQHandler                          0x0800030f   Thumb Code     0  startup_stm32f446xx.o(.text)
    DMA1_Stream0_IRQHandler                  0x0800030f   Thumb Code     0  startup_stm32f446xx.o(.text)
    DMA1_Stream1_IRQHandler                  0x0800030f   Thumb Code     0  startup_stm32f446xx.o(.text)
    DMA1_Stream2_IRQHandler                  0x0800030f   Thumb Code     0  startup_stm32f446xx.o(.text)
    DMA1_Stream3_IRQHandler                  0x0800030f   Thumb Code     0  startup_stm32f446xx.o(.text)
    DMA1_Stream4_IRQHandler                  0x0800030f   Thumb Code     0  startup_stm32f446xx.o(.text)
    DMA1_Stream5_IRQHandler                  0x0800030f   Thumb Code     0  startup_stm32f446xx.o(.text)
    DMA1_Stream6_IRQHandler                  0x0800030f   Thumb Code     0  startup_stm32f446xx.o(.text)
    DMA1_Stream7_IRQHandler                  0x0800030f   Thumb Code     0  startup_stm32f446xx.o(.text)
    DMA2_Stream0_IRQHandler                  0x0800030f   Thumb Code     0  startup_stm32f446xx.o(.text)
    DMA2_Stream1_IRQHandler                  0x0800030f   Thumb Code     0  startup_stm32f446xx.o(.text)
    DMA2_Stream2_IRQHandler                  0x0800030f   Thumb Code     0  startup_stm32f446xx.o(.text)
    DMA2_Stream3_IRQHandler                  0x0800030f   Thumb Code     0  startup_stm32f446xx.o(.text)
    DMA2_Stream4_IRQHandler                  0x0800030f   Thumb Code     0  startup_stm32f446xx.o(.text)
    DMA2_Stream5_IRQHandler                  0x0800030f   Thumb Code     0  startup_stm32f446xx.o(.text)
    DMA2_Stream6_IRQHandler                  0x0800030f   Thumb Code     0  startup_stm32f446xx.o(.text)
    DMA2_Stream7_IRQHandler                  0x0800030f   Thumb Code     0  startup_stm32f446xx.o(.text)
    EXTI0_IRQHandler                         0x0800030f   Thumb Code     0  startup_stm32f446xx.o(.text)
    EXTI15_10_IRQHandler                     0x0800030f   Thumb Code     0  startup_stm32f446xx.o(.text)
    EXTI1_IRQHandler                         0x0800030f   Thumb Code     0  startup_stm32f446xx.o(.text)
    EXTI2_IRQHandler                         0x0800030f   Thumb Code     0  startup_stm32f446xx.o(.text)
    EXTI3_IRQHandler                         0x0800030f   Thumb Code     0  startup_stm32f446xx.o(.text)
    EXTI4_IRQHandler                         0x0800030f   Thumb Code     0  startup_stm32f446xx.o(.text)
    EXTI9_5_IRQHandler                       0x0800030f   Thumb Code     0  startup_stm32f446xx.o(.text)
    FLASH_IRQHandler                         0x0800030f   Thumb Code     0  startup_stm32f446xx.o(.text)
    FMC_IRQHandler                           0x0800030f   Thumb Code     0  startup_stm32f446xx.o(.text)
    FMPI2C1_ER_IRQHandler                    0x0800030f   Thumb Code     0  startup_stm32f446xx.o(.text)
    FMPI2C1_EV_IRQHandler                    0x0800030f   Thumb Code     0  startup_stm32f446xx.o(.text)
    FPU_IRQHandler                           0x0800030f   Thumb Code     0  startup_stm32f446xx.o(.text)
    I2C1_ER_IRQHandler                       0x0800030f   Thumb Code     0  startup_stm32f446xx.o(.text)
    I2C1_EV_IRQHandler                       0x0800030f   Thumb Code     0  startup_stm32f446xx.o(.text)
    I2C2_ER_IRQHandler                       0x0800030f   Thumb Code     0  startup_stm32f446xx.o(.text)
    I2C2_EV_IRQHandler                       0x0800030f   Thumb Code     0  startup_stm32f446xx.o(.text)
    I2C3_ER_IRQHandler                       0x0800030f   Thumb Code     0  startup_stm32f446xx.o(.text)
    I2C3_EV_IRQHandler                       0x0800030f   Thumb Code     0  startup_stm32f446xx.o(.text)
    OTG_FS_IRQHandler                        0x0800030f   Thumb Code     0  startup_stm32f446xx.o(.text)
    OTG_FS_WKUP_IRQHandler                   0x0800030f   Thumb Code     0  startup_stm32f446xx.o(.text)
    OTG_HS_EP1_IN_IRQHandler                 0x0800030f   Thumb Code     0  startup_stm32f446xx.o(.text)
    OTG_HS_EP1_OUT_IRQHandler                0x0800030f   Thumb Code     0  startup_stm32f446xx.o(.text)
    OTG_HS_IRQHandler                        0x0800030f   Thumb Code     0  startup_stm32f446xx.o(.text)
    OTG_HS_WKUP_IRQHandler                   0x0800030f   Thumb Code     0  startup_stm32f446xx.o(.text)
    PVD_IRQHandler                           0x0800030f   Thumb Code     0  startup_stm32f446xx.o(.text)
    QUADSPI_IRQHandler                       0x0800030f   Thumb Code     0  startup_stm32f446xx.o(.text)
    RCC_IRQHandler                           0x0800030f   Thumb Code     0  startup_stm32f446xx.o(.text)
    RTC_Alarm_IRQHandler                     0x0800030f   Thumb Code     0  startup_stm32f446xx.o(.text)
    RTC_WKUP_IRQHandler                      0x0800030f   Thumb Code     0  startup_stm32f446xx.o(.text)
    SAI1_IRQHandler                          0x0800030f   Thumb Code     0  startup_stm32f446xx.o(.text)
    SAI2_IRQHandler                          0x0800030f   Thumb Code     0  startup_stm32f446xx.o(.text)
    SDIO_IRQHandler                          0x0800030f   Thumb Code     0  startup_stm32f446xx.o(.text)
    SPDIF_RX_IRQHandler                      0x0800030f   Thumb Code     0  startup_stm32f446xx.o(.text)
    SPI1_IRQHandler                          0x0800030f   Thumb Code     0  startup_stm32f446xx.o(.text)
    SPI2_IRQHandler                          0x0800030f   Thumb Code     0  startup_stm32f446xx.o(.text)
    SPI3_IRQHandler                          0x0800030f   Thumb Code     0  startup_stm32f446xx.o(.text)
    SPI4_IRQHandler                          0x0800030f   Thumb Code     0  startup_stm32f446xx.o(.text)
    TAMP_STAMP_IRQHandler                    0x0800030f   Thumb Code     0  startup_stm32f446xx.o(.text)
    TIM1_BRK_TIM9_IRQHandler                 0x0800030f   Thumb Code     0  startup_stm32f446xx.o(.text)
    TIM1_CC_IRQHandler                       0x0800030f   Thumb Code     0  startup_stm32f446xx.o(.text)
    TIM1_TRG_COM_TIM11_IRQHandler            0x0800030f   Thumb Code     0  startup_stm32f446xx.o(.text)
    TIM1_UP_TIM10_IRQHandler                 0x0800030f   Thumb Code     0  startup_stm32f446xx.o(.text)
    TIM2_IRQHandler                          0x0800030f   Thumb Code     0  startup_stm32f446xx.o(.text)
    TIM3_IRQHandler                          0x0800030f   Thumb Code     0  startup_stm32f446xx.o(.text)
    TIM4_IRQHandler                          0x0800030f   Thumb Code     0  startup_stm32f446xx.o(.text)
    TIM5_IRQHandler                          0x0800030f   Thumb Code     0  startup_stm32f446xx.o(.text)
    TIM6_DAC_IRQHandler                      0x0800030f   Thumb Code     0  startup_stm32f446xx.o(.text)
    TIM7_IRQHandler                          0x0800030f   Thumb Code     0  startup_stm32f446xx.o(.text)
    TIM8_BRK_TIM12_IRQHandler                0x0800030f   Thumb Code     0  startup_stm32f446xx.o(.text)
    TIM8_CC_IRQHandler                       0x0800030f   Thumb Code     0  startup_stm32f446xx.o(.text)
    TIM8_TRG_COM_TIM14_IRQHandler            0x0800030f   Thumb Code     0  startup_stm32f446xx.o(.text)
    TIM8_UP_TIM13_IRQHandler                 0x0800030f   Thumb Code     0  startup_stm32f446xx.o(.text)
    USART1_IRQHandler                        0x0800030f   Thumb Code     0  startup_stm32f446xx.o(.text)
    USART3_IRQHandler                        0x0800030f   Thumb Code     0  startup_stm32f446xx.o(.text)
    USART6_IRQHandler                        0x0800030f   Thumb Code     0  startup_stm32f446xx.o(.text)
    WWDG_IRQHandler                          0x0800030f   Thumb Code     0  startup_stm32f446xx.o(.text)
    __user_initial_stackheap                 0x08000311   Thumb Code     0  startup_stm32f446xx.o(.text)
    sprintf                                  0x08000335   Thumb Code    38  sprintf.o(.text)
    strcat                                   0x08000361   Thumb Code    24  strcat.o(.text)
    __use_two_region_memory                  0x08000379   Thumb Code     2  heapauxi.o(.text)
    __rt_heap_escrow$2region                 0x0800037b   Thumb Code     2  heapauxi.o(.text)
    __rt_heap_expand$2region                 0x0800037d   Thumb Code     2  heapauxi.o(.text)
    _printf_pre_padding                      0x0800037f   Thumb Code    44  _printf_pad.o(.text)
    _printf_post_padding                     0x080003ab   Thumb Code    34  _printf_pad.o(.text)
    _printf_truncate_signed                  0x080003cd   Thumb Code    18  _printf_truncate.o(.text)
    _printf_truncate_unsigned                0x080003df   Thumb Code    18  _printf_truncate.o(.text)
    _printf_str                              0x080003f1   Thumb Code    82  _printf_str.o(.text)
    _printf_int_dec                          0x08000445   Thumb Code   104  _printf_dec.o(.text)
    _printf_charcount                        0x080004bd   Thumb Code    40  _printf_charcount.o(.text)
    _printf_char_common                      0x080004ef   Thumb Code    32  _printf_char_common.o(.text)
    _sputc                                   0x08000515   Thumb Code    10  _sputc.o(.text)
    _printf_wctomb                           0x08000521   Thumb Code   182  _printf_wctomb.o(.text)
    _printf_longlong_dec                     0x080005dd   Thumb Code   108  _printf_longlong_dec.o(.text)
    _printf_longlong_oct                     0x08000659   Thumb Code    68  _printf_oct_int_ll.o(.text)
    _printf_int_oct                          0x0800069d   Thumb Code    24  _printf_oct_int_ll.o(.text)
    _printf_ll_oct                           0x080006b5   Thumb Code    12  _printf_oct_int_ll.o(.text)
    _printf_longlong_hex                     0x080006c9   Thumb Code    86  _printf_hex_int_ll_ptr.o(.text)
    _printf_int_hex                          0x0800071f   Thumb Code    28  _printf_hex_int_ll_ptr.o(.text)
    _printf_ll_hex                           0x0800073b   Thumb Code    12  _printf_hex_int_ll_ptr.o(.text)
    _printf_hex_ptr                          0x08000747   Thumb Code    18  _printf_hex_int_ll_ptr.o(.text)
    __printf                                 0x0800075d   Thumb Code   388  __printf_flags_ss_wp.o(.text)
    _ll_udiv10                               0x080008e5   Thumb Code   138  lludiv10.o(.text)
    _printf_int_common                       0x0800096f   Thumb Code   178  _printf_intcommon.o(.text)
    _printf_fp_dec_real                      0x08000bd1   Thumb Code   620  _printf_fp_dec.o(.text)
    _printf_fp_hex_real                      0x08000e3d   Thumb Code   756  _printf_fp_hex.o(.text)
    _printf_cs_common                        0x08001139   Thumb Code    20  _printf_char.o(.text)
    _printf_char                             0x0800114d   Thumb Code    16  _printf_char.o(.text)
    _printf_string                           0x0800115d   Thumb Code     8  _printf_char.o(.text)
    _printf_lcs_common                       0x08001165   Thumb Code    20  _printf_wchar.o(.text)
    _printf_wchar                            0x08001179   Thumb Code    16  _printf_wchar.o(.text)
    _printf_wstring                          0x08001189   Thumb Code     8  _printf_wchar.o(.text)
    _c16rtomb                                0x08001191   Thumb Code    72  _c16rtomb.o(.text)
    _wcrtomb                                 0x08001191   Thumb Code     0  _c16rtomb.o(.text)
    __user_setup_stackheap                   0x080011d9   Thumb Code    74  sys_stackheap_outer.o(.text)
    __rt_ctype_table                         0x08001225   Thumb Code    16  rt_ctype_table.o(.text)
    __rt_locale                              0x08001235   Thumb Code     8  rt_locale_intlibspace.o(.text)
    _printf_fp_infnan                        0x0800123d   Thumb Code   112  _printf_fp_infnan.o(.text)
    _btod_etento                             0x080012bd   Thumb Code   224  bigflt0.o(.text)
    exit                                     0x080013a1   Thumb Code    18  exit.o(.text)
    __user_libspace                          0x080013b5   Thumb Code     8  libspace.o(.text)
    __user_perproc_libspace                  0x080013b5   Thumb Code     0  libspace.o(.text)
    __user_perthread_libspace                0x080013b5   Thumb Code     0  libspace.o(.text)
    strcmp                                   0x080013c1   Thumb Code   124  strcmpv7em.o(.text)
    _sys_exit                                0x0800143d   Thumb Code     8  sys_exit.o(.text)
    __I$use$semihosting                      0x08001449   Thumb Code     0  use_no_semi.o(.text)
    __use_no_semihosting_swi                 0x08001449   Thumb Code     2  use_no_semi.o(.text)
    __semihosting_library_function           0x0800144b   Thumb Code     0  indicate_semi.o(.text)
    SysTick_Handler                          0x080014a1   Thumb Code    16  sys_init.o(.text.SysTick_Handler)
    SystemInit                               0x080014b1   Thumb Code    18  system_stm32f4xx.o(.text.SystemInit)
    UART2_Config                             0x080014c5   Thumb Code   146  usart.o(.text.UART2_Config)
    UART4_IRQHandler                         0x08001559   Thumb Code   150  traffic.o(.text.UART4_IRQHandler)
    UART5_IRQHandler                         0x080015f1   Thumb Code   150  traffic.o(.text.UART5_IRQHandler)
    USART2_IRQHandler                        0x08001689   Thumb Code   126  traffic.o(.text.USART2_IRQHandler)
    USART2_SendString                        0x08001709   Thumb Code    60  usart.o(.text.USART2_SendString)
    initClock                                0x080017fd   Thumb Code   214  clock.o(.text.initClock)
    initUART4                                0x080018d5   Thumb Code    90  usart.o(.text.initUART4)
    initUART5                                0x08001931   Thumb Code   126  usart.o(.text.initUART5)
    main                                     0x080019b1   Thumb Code   232  traffic.o(.text.main)
    ms_delay                                 0x08001a99   Thumb Code    48  sys_init.o(.text.ms_delay)
    sysInit                                  0x08001ac9   Thumb Code    16  sys_init.o(.text.sysInit)
    _btod_d2e                                0x08001ad9   Thumb Code    62  btod.o(CL$$btod_d2e)
    _d2e_denorm_low                          0x08001b17   Thumb Code    70  btod.o(CL$$btod_d2e_denorm_low)
    _d2e_norm_op1                            0x08001b5d   Thumb Code    96  btod.o(CL$$btod_d2e_norm_op1)
    __btod_div_common                        0x08001bbd   Thumb Code   696  btod.o(CL$$btod_div_common)
    _e2e                                     0x08001ef5   Thumb Code   220  btod.o(CL$$btod_e2e)
    _btod_ediv                               0x08001fd1   Thumb Code    42  btod.o(CL$$btod_ediv)
    _btod_emul                               0x08001ffb   Thumb Code    42  btod.o(CL$$btod_emul)
    __btod_mult_common                       0x08002025   Thumb Code   580  btod.o(CL$$btod_mult_common)
    __ARM_fpclassify                         0x08002269   Thumb Code    48  fpclassify.o(i.__ARM_fpclassify)
    _is_digit                                0x08002299   Thumb Code    14  __printf_wp.o(i._is_digit)
    _get_lc_numeric                          0x080022a9   Thumb Code    44  lc_numeric_c.o(locale$$code)
    _get_lc_ctype                            0x080022d5   Thumb Code    44  lc_ctype_c.o(locale$$code)
    _fp_init                                 0x08002301   Thumb Code    26  fpinit.o(x$fpl$fpinit)
    __fplib_config_fpu_vfp                   0x08002319   Thumb Code     0  fpinit.o(x$fpl$fpinit)
    __fplib_config_pureend_doubles           0x08002319   Thumb Code     0  fpinit.o(x$fpl$fpinit)
    _printf_fp_dec                           0x0800231b   Thumb Code     4  printf1.o(x$fpl$printf1)
    _printf_fp_hex                           0x0800231f   Thumb Code     4  printf2.o(x$fpl$printf2)
    __I$use$fp                               0x08002322   Number         0  usenofp.o(x$fpl$usenofp)
    Region$$Table$$Base                      0x08002428   Number         0  anon$$obj.o(Region$$Table)
    Region$$Table$$Limit                     0x08002438   Number         0  anon$$obj.o(Region$$Table)
    __ctype                                  0x08002461   Data           0  lc_ctype_c.o(locale$$data)
    __libspace_start                         0x20000000   Data          96  libspace.o(.bss)
    __temporary_stack_top$libspace           0x20000060   Data           0  libspace.o(.bss)



==============================================================================

Memory Map of the image

  Image Entry point : 0x080002f5

  Load Region LR_1 (Base: 0x08000000, Size: 0x00002564, Max: 0xffffffff, ABSOLUTE)

    Execution Region ER_RO (Exec base: 0x08000000, Load base: 0x08000000, Size: 0x00002564, Max: 0xffffffff, ABSOLUTE)

    Exec Addr    Load Addr    Size         Type   Attr      Idx    E Section Name        Object

    0x08000000   0x08000000   0x000001c4   Data   RO           89    RESET               startup_stm32f446xx.o
    0x080001c4   0x080001c4   0x00000008   Code   RO          118  * !!!main             c_w.l(__main.o)
    0x080001cc   0x080001cc   0x00000034   Code   RO          455    !!!scatter          c_w.l(__scatter.o)
    0x08000200   0x08000200   0x0000001c   Code   RO          457    !!handler_zi        c_w.l(__scatter_zi.o)
    0x0800021c   0x0800021c   0x00000000   Code   RO          202    .ARM.Collect$$_printf_percent$$00000000  c_w.l(_printf_percent.o)
    0x0800021c   0x0800021c   0x00000006   Code   RO          191    .ARM.Collect$$_printf_percent$$00000001  c_w.l(_printf_n.o)
    0x08000222   0x08000222   0x00000006   Code   RO          193    .ARM.Collect$$_printf_percent$$00000002  c_w.l(_printf_p.o)
    0x08000228   0x08000228   0x00000006   Code   RO          198    .ARM.Collect$$_printf_percent$$00000003  c_w.l(_printf_f.o)
    0x0800022e   0x0800022e   0x00000006   Code   RO          199    .ARM.Collect$$_printf_percent$$00000004  c_w.l(_printf_e.o)
    0x08000234   0x08000234   0x00000006   Code   RO          200    .ARM.Collect$$_printf_percent$$00000005  c_w.l(_printf_g.o)
    0x0800023a   0x0800023a   0x00000006   Code   RO          201    .ARM.Collect$$_printf_percent$$00000006  c_w.l(_printf_a.o)
    0x08000240   0x08000240   0x0000000a   Code   RO          206    .ARM.Collect$$_printf_percent$$00000007  c_w.l(_printf_ll.o)
    0x0800024a   0x0800024a   0x00000006   Code   RO          195    .ARM.Collect$$_printf_percent$$00000008  c_w.l(_printf_i.o)
    0x08000250   0x08000250   0x00000006   Code   RO          196    .ARM.Collect$$_printf_percent$$00000009  c_w.l(_printf_d.o)
    0x08000256   0x08000256   0x00000006   Code   RO          197    .ARM.Collect$$_printf_percent$$0000000A  c_w.l(_printf_u.o)
    0x0800025c   0x0800025c   0x00000006   Code   RO          194    .ARM.Collect$$_printf_percent$$0000000B  c_w.l(_printf_o.o)
    0x08000262   0x08000262   0x00000006   Code   RO          192    .ARM.Collect$$_printf_percent$$0000000C  c_w.l(_printf_x.o)
    0x08000268   0x08000268   0x00000006   Code   RO          203    .ARM.Collect$$_printf_percent$$0000000D  c_w.l(_printf_lli.o)
    0x0800026e   0x0800026e   0x00000006   Code   RO          204    .ARM.Collect$$_printf_percent$$0000000E  c_w.l(_printf_lld.o)
    0x08000274   0x08000274   0x00000006   Code   RO          205    .ARM.Collect$$_printf_percent$$0000000F  c_w.l(_printf_llu.o)
    0x0800027a   0x0800027a   0x00000006   Code   RO          210    .ARM.Collect$$_printf_percent$$00000010  c_w.l(_printf_llo.o)
    0x08000280   0x08000280   0x00000006   Code   RO          211    .ARM.Collect$$_printf_percent$$00000011  c_w.l(_printf_llx.o)
    0x08000286   0x08000286   0x0000000a   Code   RO          207    .ARM.Collect$$_printf_percent$$00000012  c_w.l(_printf_l.o)
    0x08000290   0x08000290   0x00000006   Code   RO          189    .ARM.Collect$$_printf_percent$$00000013  c_w.l(_printf_c.o)
    0x08000296   0x08000296   0x00000006   Code   RO          190    .ARM.Collect$$_printf_percent$$00000014  c_w.l(_printf_s.o)
    0x0800029c   0x0800029c   0x00000006   Code   RO          208    .ARM.Collect$$_printf_percent$$00000015  c_w.l(_printf_lc.o)
    0x080002a2   0x080002a2   0x00000006   Code   RO          209    .ARM.Collect$$_printf_percent$$00000016  c_w.l(_printf_ls.o)
    0x080002a8   0x080002a8   0x00000004   Code   RO          252    .ARM.Collect$$_printf_percent$$00000017  c_w.l(_printf_percent_end.o)
    0x080002ac   0x080002ac   0x00000002   Code   RO          303    .ARM.Collect$$libinit$$00000000  c_w.l(libinit.o)
    0x080002ae   0x080002ae   0x00000004   Code   RO          321    .ARM.Collect$$libinit$$00000001  c_w.l(libinit2.o)
    0x080002b2   0x080002b2   0x00000000   Code   RO          324    .ARM.Collect$$libinit$$00000004  c_w.l(libinit2.o)
    0x080002b2   0x080002b2   0x00000000   Code   RO          326    .ARM.Collect$$libinit$$00000006  c_w.l(libinit2.o)
    0x080002b2   0x080002b2   0x00000000   Code   RO          329    .ARM.Collect$$libinit$$0000000C  c_w.l(libinit2.o)
    0x080002b2   0x080002b2   0x00000000   Code   RO          331    .ARM.Collect$$libinit$$0000000E  c_w.l(libinit2.o)
    0x080002b2   0x080002b2   0x00000000   Code   RO          333    .ARM.Collect$$libinit$$00000010  c_w.l(libinit2.o)
    0x080002b2   0x080002b2   0x00000006   Code   RO          334    .ARM.Collect$$libinit$$00000011  c_w.l(libinit2.o)
    0x080002b8   0x080002b8   0x00000000   Code   RO          336    .ARM.Collect$$libinit$$00000013  c_w.l(libinit2.o)
    0x080002b8   0x080002b8   0x0000000c   Code   RO          337    .ARM.Collect$$libinit$$00000014  c_w.l(libinit2.o)
    0x080002c4   0x080002c4   0x00000000   Code   RO          338    .ARM.Collect$$libinit$$00000015  c_w.l(libinit2.o)
    0x080002c4   0x080002c4   0x00000000   Code   RO          340    .ARM.Collect$$libinit$$00000017  c_w.l(libinit2.o)
    0x080002c4   0x080002c4   0x0000000a   Code   RO          341    .ARM.Collect$$libinit$$00000018  c_w.l(libinit2.o)
    0x080002ce   0x080002ce   0x00000000   Code   RO          342    .ARM.Collect$$libinit$$00000019  c_w.l(libinit2.o)
    0x080002ce   0x080002ce   0x00000000   Code   RO          344    .ARM.Collect$$libinit$$0000001B  c_w.l(libinit2.o)
    0x080002ce   0x080002ce   0x00000000   Code   RO          346    .ARM.Collect$$libinit$$0000001D  c_w.l(libinit2.o)
    0x080002ce   0x080002ce   0x00000000   Code   RO          348    .ARM.Collect$$libinit$$0000001F  c_w.l(libinit2.o)
    0x080002ce   0x080002ce   0x00000000   Code   RO          350    .ARM.Collect$$libinit$$00000021  c_w.l(libinit2.o)
    0x080002ce   0x080002ce   0x00000000   Code   RO          352    .ARM.Collect$$libinit$$00000023  c_w.l(libinit2.o)
    0x080002ce   0x080002ce   0x00000000   Code   RO          354    .ARM.Collect$$libinit$$00000025  c_w.l(libinit2.o)
    0x080002ce   0x080002ce   0x00000000   Code   RO          356    .ARM.Collect$$libinit$$00000027  c_w.l(libinit2.o)
    0x080002ce   0x080002ce   0x00000000   Code   RO          360    .ARM.Collect$$libinit$$0000002E  c_w.l(libinit2.o)
    0x080002ce   0x080002ce   0x00000000   Code   RO          362    .ARM.Collect$$libinit$$00000030  c_w.l(libinit2.o)
    0x080002ce   0x080002ce   0x00000000   Code   RO          364    .ARM.Collect$$libinit$$00000032  c_w.l(libinit2.o)
    0x080002ce   0x080002ce   0x00000000   Code   RO          366    .ARM.Collect$$libinit$$00000034  c_w.l(libinit2.o)
    0x080002ce   0x080002ce   0x00000002   Code   RO          367    .ARM.Collect$$libinit$$00000035  c_w.l(libinit2.o)
    0x080002d0   0x080002d0   0x00000002   Code   RO          391    .ARM.Collect$$libshutdown$$00000000  c_w.l(libshutdown.o)
    0x080002d2   0x080002d2   0x00000000   Code   RO          406    .ARM.Collect$$libshutdown$$00000002  c_w.l(libshutdown2.o)
    0x080002d2   0x080002d2   0x00000000   Code   RO          408    .ARM.Collect$$libshutdown$$00000004  c_w.l(libshutdown2.o)
    0x080002d2   0x080002d2   0x00000000   Code   RO          411    .ARM.Collect$$libshutdown$$00000007  c_w.l(libshutdown2.o)
    0x080002d2   0x080002d2   0x00000000   Code   RO          414    .ARM.Collect$$libshutdown$$0000000A  c_w.l(libshutdown2.o)
    0x080002d2   0x080002d2   0x00000000   Code   RO          416    .ARM.Collect$$libshutdown$$0000000C  c_w.l(libshutdown2.o)
    0x080002d2   0x080002d2   0x00000000   Code   RO          419    .ARM.Collect$$libshutdown$$0000000F  c_w.l(libshutdown2.o)
    0x080002d2   0x080002d2   0x00000002   Code   RO          420    .ARM.Collect$$libshutdown$$00000010  c_w.l(libshutdown2.o)
    0x080002d4   0x080002d4   0x00000000   Code   RO          120    .ARM.Collect$$rtentry$$00000000  c_w.l(__rtentry.o)
    0x080002d4   0x080002d4   0x00000000   Code   RO          221    .ARM.Collect$$rtentry$$00000002  c_w.l(__rtentry2.o)
    0x080002d4   0x080002d4   0x00000006   Code   RO          233    .ARM.Collect$$rtentry$$00000004  c_w.l(__rtentry4.o)
    0x080002da   0x080002da   0x00000000   Code   RO          223    .ARM.Collect$$rtentry$$00000009  c_w.l(__rtentry2.o)
    0x080002da   0x080002da   0x00000004   Code   RO          224    .ARM.Collect$$rtentry$$0000000A  c_w.l(__rtentry2.o)
    0x080002de   0x080002de   0x00000000   Code   RO          226    .ARM.Collect$$rtentry$$0000000C  c_w.l(__rtentry2.o)
    0x080002de   0x080002de   0x00000008   Code   RO          227    .ARM.Collect$$rtentry$$0000000D  c_w.l(__rtentry2.o)
    0x080002e6   0x080002e6   0x00000002   Code   RO          312    .ARM.Collect$$rtexit$$00000000  c_w.l(rtexit.o)
    0x080002e8   0x080002e8   0x00000000   Code   RO          369    .ARM.Collect$$rtexit$$00000002  c_w.l(rtexit2.o)
    0x080002e8   0x080002e8   0x00000004   Code   RO          370    .ARM.Collect$$rtexit$$00000003  c_w.l(rtexit2.o)
    0x080002ec   0x080002ec   0x00000006   Code   RO          371    .ARM.Collect$$rtexit$$00000004  c_w.l(rtexit2.o)
    0x080002f2   0x080002f2   0x00000002   PAD
    0x080002f4   0x080002f4   0x00000040   Code   RO           90  * .text               startup_stm32f446xx.o
    0x08000334   0x08000334   0x0000002c   Code   RO          112    .text               c_w.l(sprintf.o)
    0x08000360   0x08000360   0x00000018   Code   RO          114    .text               c_w.l(strcat.o)
    0x08000378   0x08000378   0x00000006   Code   RO          116    .text               c_w.l(heapauxi.o)
    0x0800037e   0x0800037e   0x0000004e   Code   RO          123    .text               c_w.l(_printf_pad.o)
    0x080003cc   0x080003cc   0x00000024   Code   RO          125    .text               c_w.l(_printf_truncate.o)
    0x080003f0   0x080003f0   0x00000052   Code   RO          127    .text               c_w.l(_printf_str.o)
    0x08000442   0x08000442   0x00000002   PAD
    0x08000444   0x08000444   0x00000078   Code   RO          129    .text               c_w.l(_printf_dec.o)
    0x080004bc   0x080004bc   0x00000028   Code   RO          131    .text               c_w.l(_printf_charcount.o)
    0x080004e4   0x080004e4   0x00000030   Code   RO          133    .text               c_w.l(_printf_char_common.o)
    0x08000514   0x08000514   0x0000000a   Code   RO          135    .text               c_w.l(_sputc.o)
    0x0800051e   0x0800051e   0x00000002   PAD
    0x08000520   0x08000520   0x000000bc   Code   RO          137    .text               c_w.l(_printf_wctomb.o)
    0x080005dc   0x080005dc   0x0000007c   Code   RO          140    .text               c_w.l(_printf_longlong_dec.o)
    0x08000658   0x08000658   0x00000070   Code   RO          146    .text               c_w.l(_printf_oct_int_ll.o)
    0x080006c8   0x080006c8   0x00000094   Code   RO          166    .text               c_w.l(_printf_hex_int_ll_ptr.o)
    0x0800075c   0x0800075c   0x00000188   Code   RO          186    .text               c_w.l(__printf_flags_ss_wp.o)
    0x080008e4   0x080008e4   0x0000008a   Code   RO          235    .text               c_w.l(lludiv10.o)
    0x0800096e   0x0800096e   0x000000b2   Code   RO          237    .text               c_w.l(_printf_intcommon.o)
    0x08000a20   0x08000a20   0x0000041c   Code   RO          239    .text               c_w.l(_printf_fp_dec.o)
    0x08000e3c   0x08000e3c   0x000002fc   Code   RO          243    .text               c_w.l(_printf_fp_hex.o)
    0x08001138   0x08001138   0x0000002c   Code   RO          248    .text               c_w.l(_printf_char.o)
    0x08001164   0x08001164   0x0000002c   Code   RO          250    .text               c_w.l(_printf_wchar.o)
    0x08001190   0x08001190   0x00000048   Code   RO          253    .text               c_w.l(_c16rtomb.o)
    0x080011d8   0x080011d8   0x0000004a   Code   RO          255    .text               c_w.l(sys_stackheap_outer.o)
    0x08001222   0x08001222   0x00000002   PAD
    0x08001224   0x08001224   0x00000010   Code   RO          257    .text               c_w.l(rt_ctype_table.o)
    0x08001234   0x08001234   0x00000008   Code   RO          262    .text               c_w.l(rt_locale_intlibspace.o)
    0x0800123c   0x0800123c   0x00000080   Code   RO          264    .text               c_w.l(_printf_fp_infnan.o)
    0x080012bc   0x080012bc   0x000000e4   Code   RO          266    .text               c_w.l(bigflt0.o)
    0x080013a0   0x080013a0   0x00000012   Code   RO          296    .text               c_w.l(exit.o)
    0x080013b2   0x080013b2   0x00000002   PAD
    0x080013b4   0x080013b4   0x00000008   Code   RO          309    .text               c_w.l(libspace.o)
    0x080013bc   0x080013bc   0x00000004   PAD
    0x080013c0   0x080013c0   0x0000007c   Code   RO          319    .text               c_w.l(strcmpv7em.o)
    0x0800143c   0x0800143c   0x0000000c   Code   RO          381    .text               c_w.l(sys_exit.o)
    0x08001448   0x08001448   0x00000002   Code   RO          396    .text               c_w.l(use_no_semi.o)
    0x0800144a   0x0800144a   0x00000000   Code   RO          398    .text               c_w.l(indicate_semi.o)
    0x0800144a   0x0800144a   0x00000002   PAD
    0x0800144c   0x0800144c   0x00000052   Code   RO           27    .text.SysTick_Config  sys_init.o
    0x0800149e   0x0800149e   0x00000002   PAD
    0x080014a0   0x080014a0   0x00000010   Code   RO           23    .text.SysTick_Handler  sys_init.o
    0x080014b0   0x080014b0   0x00000012   Code   RO           97    .text.SystemInit    system_stm32f4xx.o
    0x080014c2   0x080014c2   0x00000002   PAD
    0x080014c4   0x080014c4   0x00000092   Code   RO           47    .text.UART2_Config  usart.o
    0x08001556   0x08001556   0x00000002   PAD
    0x08001558   0x08001558   0x00000096   Code   RO           68    .text.UART4_IRQHandler  traffic.o
    0x080015ee   0x080015ee   0x00000002   PAD
    0x080015f0   0x080015f0   0x00000096   Code   RO           70    .text.UART5_IRQHandler  traffic.o
    0x08001686   0x08001686   0x00000002   PAD
    0x08001688   0x08001688   0x0000007e   Code   RO           66    .text.USART2_IRQHandler  traffic.o
    0x08001706   0x08001706   0x00000002   PAD
    0x08001708   0x08001708   0x0000003c   Code   RO           43    .text.USART2_SendString  usart.o
    0x08001744   0x08001744   0x00000030   Code   RO           64    .text.__NVIC_EnableIRQ  traffic.o
    0x08001774   0x08001774   0x00000042   Code   RO           33    .text.__NVIC_SetPriority  sys_init.o
    0x080017b6   0x080017b6   0x00000002   PAD
    0x080017b8   0x080017b8   0x00000042   Code   RO           62    .text.__NVIC_SetPriority  traffic.o
    0x080017fa   0x080017fa   0x00000002   PAD
    0x080017fc   0x080017fc   0x000000d6   Code   RO            2    .text.initClock     clock.o
    0x080018d2   0x080018d2   0x00000002   PAD
    0x080018d4   0x080018d4   0x0000005a   Code   RO           49    .text.initUART4     usart.o
    0x0800192e   0x0800192e   0x00000002   PAD
    0x08001930   0x08001930   0x0000007e   Code   RO           51    .text.initUART5     usart.o
    0x080019ae   0x080019ae   0x00000002   PAD
    0x080019b0   0x080019b0   0x000000e8   Code   RO           60    .text.main          traffic.o
    0x08001a98   0x08001a98   0x00000030   Code   RO           31    .text.ms_delay      sys_init.o
    0x08001ac8   0x08001ac8   0x00000010   Code   RO           25    .text.sysInit       sys_init.o
    0x08001ad8   0x08001ad8   0x0000003e   Code   RO          269    CL$$btod_d2e        c_w.l(btod.o)
    0x08001b16   0x08001b16   0x00000046   Code   RO          271    CL$$btod_d2e_denorm_low  c_w.l(btod.o)
    0x08001b5c   0x08001b5c   0x00000060   Code   RO          270    CL$$btod_d2e_norm_op1  c_w.l(btod.o)
    0x08001bbc   0x08001bbc   0x00000338   Code   RO          279    CL$$btod_div_common  c_w.l(btod.o)
    0x08001ef4   0x08001ef4   0x000000dc   Code   RO          276    CL$$btod_e2e        c_w.l(btod.o)
    0x08001fd0   0x08001fd0   0x0000002a   Code   RO          273    CL$$btod_ediv       c_w.l(btod.o)
    0x08001ffa   0x08001ffa   0x0000002a   Code   RO          272    CL$$btod_emul       c_w.l(btod.o)
    0x08002024   0x08002024   0x00000244   Code   RO          278    CL$$btod_mult_common  c_w.l(btod.o)
    0x08002268   0x08002268   0x00000030   Code   RO          307    i.__ARM_fpclassify  m_wm.l(fpclassify.o)
    0x08002298   0x08002298   0x0000000e   Code   RO          179    i._is_digit         c_w.l(__printf_wp.o)
    0x080022a6   0x080022a6   0x00000002   PAD
    0x080022a8   0x080022a8   0x0000002c   Code   RO          294    locale$$code        c_w.l(lc_numeric_c.o)
    0x080022d4   0x080022d4   0x0000002c   Code   RO          317    locale$$code        c_w.l(lc_ctype_c.o)
    0x08002300   0x08002300   0x0000001a   Code   RO          379    x$fpl$fpinit        fz_wm.l(fpinit.o)
    0x0800231a   0x0800231a   0x00000004   Code   RO          212    x$fpl$printf1       fz_wm.l(printf1.o)
    0x0800231e   0x0800231e   0x00000004   Code   RO          214    x$fpl$printf2       fz_wm.l(printf2.o)
    0x08002322   0x08002322   0x00000000   Code   RO          306    x$fpl$usenofp       fz_wm.l(usenofp.o)
    0x08002322   0x08002322   0x00000002   PAD
    0x08002324   0x08002324   0x00000008   Data   RO          138    .constdata          c_w.l(_printf_wctomb.o)
    0x0800232c   0x0800232c   0x00000028   Data   RO          167    .constdata          c_w.l(_printf_hex_int_ll_ptr.o)
    0x08002354   0x08002354   0x00000011   Data   RO          187    .constdata          c_w.l(__printf_flags_ss_wp.o)
    0x08002365   0x08002365   0x00000026   Data   RO          244    .constdata          c_w.l(_printf_fp_hex.o)
    0x0800238b   0x0800238b   0x00000001   PAD
    0x0800238c   0x0800238c   0x00000094   Data   RO          267    .constdata          c_w.l(bigflt0.o)
    0x08002420   0x08002420   0x00000007   Data   RO           75    .rodata.str1.1      traffic.o
    0x08002427   0x08002427   0x00000001   PAD
    0x08002428   0x08002428   0x00000010   Data   RO          454    Region$$Table       anon$$obj.o
    0x08002438   0x08002438   0x0000001c   Data   RO          293    locale$$data        c_w.l(lc_numeric_c.o)
    0x08002454   0x08002454   0x00000110   Data   RO          316    locale$$data        c_w.l(lc_ctype_c.o)


    Execution Region ER_RW (Exec base: 0x20000000, Load base: 0x08002564, Size: 0x00000000, Max: 0xffffffff, ABSOLUTE)

    **** No section assigned to this execution region ****


    Execution Region ER_ZI (Exec base: 0x20000000, Load base: 0x08002564, Size: 0x000006d8, Max: 0xffffffff, ABSOLUTE)

    Exec Addr    Load Addr    Size         Type   Attr      Idx    E Section Name        Object

    0x20000000        -       0x00000060   Zero   RW          310    .bss                c_w.l(libspace.o)
    0x20000060        -       0x00000004   Zero   RW           74    .bss.i              traffic.o
    0x20000064        -       0x00000004   Zero   RW           35    .bss.msTicks        sys_init.o
    0x20000068        -       0x00000004   Zero   RW           78    .bss.rx             traffic.o
    0x2000006c        -       0x00000032   Zero   RW           77    .bss.rx_buffer      traffic.o
    0x2000009e   0x08002564   0x00000002   PAD
    0x200000a0        -       0x00000004   Zero   RW           79    .bss.tx             traffic.o
    0x200000a4        -       0x00000032   Zero   RW           76    .bss.tx_buffer      traffic.o
    0x200000d6   0x08002564   0x00000002   PAD
    0x200000d8        -       0x00000200   Zero   RW           88    HEAP                startup_stm32f446xx.o
    0x200002d8        -       0x00000400   Zero   RW           87    STACK               startup_stm32f446xx.o


==============================================================================

Image component sizes


      Code (inc. data)   RO Data    RW Data    ZI Data      Debug   Object Name

       214          0          0          0          0       1765   clock.o
        64         26        452          0       1536        876   startup_stm32f446xx.o
       228          0          0          0          4       4655   sys_init.o
        18          0          0          0          0       2735   system_stm32f4xx.o
       772          0          7          0        112       5968   traffic.o
       422          0          0          0          0       2371   usart.o

    ----------------------------------------------------------------------
      1740         26        476          0       1656      18370   Object Totals
         0          0         16          0          0          0   (incl. Generated)
        22          0          1          0          4          0   (incl. Padding)

    ----------------------------------------------------------------------

      Code (inc. data)   RO Data    RW Data    ZI Data      Debug   Library Member Name

         8          0          0          0          0         68   __main.o
       392          4         17          0          0         92   __printf_flags_ss_wp.o
        14          0          0          0          0         68   __printf_wp.o
         0          0          0          0          0          0   __rtentry.o
        12          0          0          0          0          0   __rtentry2.o
         6          0          0          0          0          0   __rtentry4.o
        52          8          0          0          0          0   __scatter.o
        28          0          0          0          0          0   __scatter_zi.o
        72          0          0          0          0         96   _c16rtomb.o
         6          0          0          0          0          0   _printf_a.o
         6          0          0          0          0          0   _printf_c.o
        44          0          0          0          0        108   _printf_char.o
        48          6          0          0          0         96   _printf_char_common.o
        40          0          0          0          0         68   _printf_charcount.o
         6          0          0          0          0          0   _printf_d.o
       120         16          0          0          0         92   _printf_dec.o
         6          0          0          0          0          0   _printf_e.o
         6          0          0          0          0          0   _printf_f.o
      1052          0          0          0          0        148   _printf_fp_dec.o
       764          8         38          0          0        100   _printf_fp_hex.o
       128         16          0          0          0         84   _printf_fp_infnan.o
         6          0          0          0          0          0   _printf_g.o
       148          4         40          0          0        160   _printf_hex_int_ll_ptr.o
         6          0          0          0          0          0   _printf_i.o
       178          0          0          0          0         88   _printf_intcommon.o
        10          0          0          0          0          0   _printf_l.o
         6          0          0          0          0          0   _printf_lc.o
        10          0          0          0          0          0   _printf_ll.o
         6          0          0          0          0          0   _printf_lld.o
         6          0          0          0          0          0   _printf_lli.o
         6          0          0          0          0          0   _printf_llo.o
         6          0          0          0          0          0   _printf_llu.o
         6          0          0          0          0          0   _printf_llx.o
       124         16          0          0          0         92   _printf_longlong_dec.o
         6          0          0          0          0          0   _printf_ls.o
         6          0          0          0          0          0   _printf_n.o
         6          0          0          0          0          0   _printf_o.o
       112          8          0          0          0        124   _printf_oct_int_ll.o
         6          0          0          0          0          0   _printf_p.o
        78          0          0          0          0        108   _printf_pad.o
         0          0          0          0          0          0   _printf_percent.o
         4          0          0          0          0          0   _printf_percent_end.o
         6          0          0          0          0          0   _printf_s.o
        82          0          0          0          0         80   _printf_str.o
        36          0          0          0          0         84   _printf_truncate.o
         6          0          0          0          0          0   _printf_u.o
        44          0          0          0          0        108   _printf_wchar.o
       188          6          8          0          0         92   _printf_wctomb.o
         6          0          0          0          0          0   _printf_x.o
        10          0          0          0          0         68   _sputc.o
       228          4        148          0          0         96   bigflt0.o
      1936        128          0          0          0        668   btod.o
        18          0          0          0          0         80   exit.o
         6          0          0          0          0        152   heapauxi.o
         0          0          0          0          0          0   indicate_semi.o
        44         10        272          0          0         76   lc_ctype_c.o
        44         10         28          0          0         76   lc_numeric_c.o
         2          0          0          0          0          0   libinit.o
        34          0          0          0          0          0   libinit2.o
         2          0          0          0          0          0   libshutdown.o
         2          0          0          0          0          0   libshutdown2.o
         8          4          0          0         96         68   libspace.o
       138          0          0          0          0         80   lludiv10.o
        16          4          0          0          0         76   rt_ctype_table.o
         8          4          0          0          0         68   rt_locale_intlibspace.o
         2          0          0          0          0          0   rtexit.o
        10          0          0          0          0          0   rtexit2.o
        44          6          0          0          0         84   sprintf.o
        24          0          0          0          0         68   strcat.o
       124          0          0          0          0         88   strcmpv7em.o
        12          4          0          0          0         68   sys_exit.o
        74          0          0          0          0         80   sys_stackheap_outer.o
         2          0          0          0          0         68   use_no_semi.o
        26          0          0          0          0        116   fpinit.o
         4          0          0          0          0        116   printf1.o
         4          0          0          0          0        116   printf2.o
         0          0          0          0          0          0   usenofp.o
        48          0          0          0          0        124   fpclassify.o

    ----------------------------------------------------------------------
      6804        270        552          0         96       4392   Library Totals
        20          4          1          0          0          0   (incl. Padding)

    ----------------------------------------------------------------------

      Code (inc. data)   RO Data    RW Data    ZI Data      Debug   Library Name

      6702        266        551          0         96       3920   c_w.l
        34          0          0          0          0        348   fz_wm.l
        48          0          0          0          0        124   m_wm.l

    ----------------------------------------------------------------------
      6804        270        552          0         96       4392   Library Totals

    ----------------------------------------------------------------------

==============================================================================


      Code (inc. data)   RO Data    RW Data    ZI Data      Debug   

      8544        296       1028          0       1752      20334   Grand Totals
      8544        296       1028          0       1752      20334   ELF Image Totals
      8544        296       1028          0          0          0   ROM Totals

==============================================================================

    Total RO  Size (Code + RO Data)                 9572 (   9.35kB)
    Total RW  Size (RW Data + ZI Data)              1752 (   1.71kB)
    Total ROM Size (Code + RO Data + RW Data)       9572 (   9.35kB)

==============================================================================

